 
****************************************
Report : cell
Design : FullAdder_16bit
Version: U-2022.12-SP7
Date   : Wed Dec 13 18:22:06 2023
****************************************

Attributes:
    b - black box (unknown)
    h - hierarchical
    n - noncombinational
    r - removable
    u - contains unmapped logic

Cell                      Reference       Library             Area  Attributes
--------------------------------------------------------------------------------
full_adder_ripple[0].FA   full_adder_ripple_48            39.628800 h
full_adder_ripple[1].FA   full_adder_ripple_63            39.628800 h
full_adder_ripple[2].FA   full_adder_ripple_62            39.628800 h
full_adder_ripple[3].FA   full_adder_ripple_61            39.628800 h
full_adder_ripple[4].FA   full_adder_ripple_60            39.628800 h
full_adder_ripple[5].FA   full_adder_ripple_59            39.628800 h
full_adder_ripple[6].FA   full_adder_ripple_58            39.628800 h
full_adder_ripple[7].FA   full_adder_ripple_57            39.628800 h
full_adder_ripple[8].FA   full_adder_ripple_56            39.628800 h
full_adder_ripple[9].FA   full_adder_ripple_55            39.628800 h
full_adder_ripple[10].FA  full_adder_ripple_54            39.628800 h
full_adder_ripple[11].FA  full_adder_ripple_53            39.628800 h
full_adder_ripple[12].FA  full_adder_ripple_52            39.628800 h
full_adder_ripple[13].FA  full_adder_ripple_51            39.628800 h
full_adder_ripple[14].FA  full_adder_ripple_50            39.628800 h
full_adder_ripple[15].FA  full_adder_ripple_49            39.628800 h
--------------------------------------------------------------------------------
Total 16 cells                                            634.060806
1
