 
****************************************
Report : cell
Design : carry_select_adder
Version: U-2022.12-SP7
Date   : Wed Dec 13 18:21:42 2023
****************************************

Attributes:
    b - black box (unknown)
    h - hierarchical
    n - noncombinational
    r - removable
    u - contains unmapped logic

Cell                      Reference       Library             Area  Attributes
--------------------------------------------------------------------------------
U25                       MUX21X1         saed90nm_typ_ht 11.059200 
U26                       MUX21X1         saed90nm_typ_ht 11.059200 
U27                       MUX21X1         saed90nm_typ_ht 11.059200 
U28                       MUX21X1         saed90nm_typ_ht 11.059200 
U29                       MUX21X1         saed90nm_typ_ht 11.059200 
U30                       MUX21X1         saed90nm_typ_ht 11.059200 
U31                       MUX21X1         saed90nm_typ_ht 11.059200 
U32                       MUX21X1         saed90nm_typ_ht 11.059200 
U33                       MUX21X1         saed90nm_typ_ht 11.059200 
U34                       MUX21X1         saed90nm_typ_ht 11.059200 
U35                       MUX21X1         saed90nm_typ_ht 11.059200 
U36                       MUX21X1         saed90nm_typ_ht 11.059200 
U37                       MUX21X1         saed90nm_typ_ht 11.059200 
U38                       MUX21X1         saed90nm_typ_ht 11.059200 
U39                       MUX21X1         saed90nm_typ_ht 11.059200 
U40                       MUX21X1         saed90nm_typ_ht 11.059200 
U41                       NOR2X0          saed90nm_typ_ht 5.529600  
U42                       AND2X1          saed90nm_typ_ht 7.372800  
U43                       MUX21X1         saed90nm_typ_ht 11.059200 
U44                       INVX0           saed90nm_typ_ht 5.529600  
U45                       MUX21X1         saed90nm_typ_ht 11.059200 
u1                        FullAdder_16bit_0               634.060806
                                                                    h
u2                        FullAdder_16bit_2               634.060806
                                                                    h
u3                        FullAdder_16bit_1               634.060806
                                                                    h
--------------------------------------------------------------------------------
Total 24 cells                                            2119.680024
1
