Information: Propagating switching activity (low effort zero delay simulation). (PWR-6)
Warning: There is no defined clock in the design. (PWR-80)
Warning: Design has unannotated primary inputs. (PWR-414)
 
****************************************
Report : power
        -analysis_effort low
Design : FullAdder_16bit
Version: U-2022.12-SP7
Date   : Wed Dec 13 18:22:06 2023
****************************************


Library(s) Used:

    saed90nm_typ_ht (File: /home/user37/Downloads/Lab4/ref/models/saed90nm_typ_ht.db)


Operating Conditions: TYPICAL   Library: saed90nm_typ_ht
Wire Load Model Mode: enclosed

Design        Wire Load Model            Library
------------------------------------------------
FullAdder_16bit        8000              saed90nm_typ_ht
full_adder_ripple_48   ForQA             saed90nm_typ_ht
full_adder_ripple_49   ForQA             saed90nm_typ_ht
full_adder_ripple_50   ForQA             saed90nm_typ_ht
full_adder_ripple_51   ForQA             saed90nm_typ_ht
full_adder_ripple_52   ForQA             saed90nm_typ_ht
full_adder_ripple_53   ForQA             saed90nm_typ_ht
full_adder_ripple_54   ForQA             saed90nm_typ_ht
full_adder_ripple_55   ForQA             saed90nm_typ_ht
full_adder_ripple_56   ForQA             saed90nm_typ_ht
full_adder_ripple_57   ForQA             saed90nm_typ_ht
full_adder_ripple_58   ForQA             saed90nm_typ_ht
full_adder_ripple_59   ForQA             saed90nm_typ_ht
full_adder_ripple_60   ForQA             saed90nm_typ_ht
full_adder_ripple_61   ForQA             saed90nm_typ_ht
full_adder_ripple_62   ForQA             saed90nm_typ_ht
full_adder_ripple_63   ForQA             saed90nm_typ_ht


Global Operating Voltage = 1.2  
Power-specific unit information :
    Voltage Units = 1V
    Capacitance Units = 1.000000ff
    Time Units = 1ns
    Dynamic Power Units = 1uW    (derived from V,C,T units)
    Leakage Power Units = 1pW


Attributes
----------
i - Including register clock pin internal power


  Cell Internal Power  = 203.0699 uW   (76%)
  Net Switching Power  =  62.4511 uW   (24%)
                         ---------
Total Dynamic Power    = 265.5210 uW  (100%)

Cell Leakage Power     =  10.5540 uW

Information: report_power power group summary does not include estimated clock tree power. (PWR-789)

                 Internal         Switching           Leakage            Total
Power Group      Power            Power               Power              Power   (   %    )  Attrs
--------------------------------------------------------------------------------------------------
io_pad             0.0000            0.0000            0.0000            0.0000  (   0.00%)
memory             0.0000            0.0000            0.0000            0.0000  (   0.00%)
black_box          0.0000            0.0000            0.0000            0.0000  (   0.00%)
clock_network      0.0000            0.0000            0.0000            0.0000  (   0.00%)  i
register           0.0000            0.0000            0.0000            0.0000  (   0.00%)
sequential         0.0000            0.0000            0.0000            0.0000  (   0.00%)
combinational    203.0699           62.4511        1.0554e+07          276.0750  ( 100.00%)
--------------------------------------------------------------------------------------------------
Total            203.0699 uW        62.4511 uW     1.0554e+07 pW       276.0750 uW
1
