 
****************************************
Report : area
Design : floating_point_adder_sequential
Version: G-2012.06-SP2
Date   : Tue Dec 29 04:58:51 2015
****************************************

Information: Updating design information... (UID-85)
Library(s) Used:

    NangateOpenCellLibrary_ss0p95vn40c (File: /home/standard_cell_libraries/NangateOpenCellLibrary_PDKv1_3_v2010_12/lib/Front_End/Liberty/NLDM/NangateOpenCellLibrary_ss0p95vn40c.db)

Number of ports:                           99
Number of nets:                           764
Number of cells:                          539
Number of combinational cells:            435
Number of sequential cells:                97
Number of macros:                           0
Number of buf/inv:                        121
Number of references:                      31

Combinational area:       1153.642008
Buf/Inv area:              131.138000
Noncombinational area:     438.633984
Net Interconnect area:      undefined  (Wire load has zero net area)

Total cell area:          1592.275992
Total area:                 undefined
1
