 
****************************************
Report : cell
Design : ripple_carry_adder
Version: U-2022.12-SP7
Date   : Tue Dec 12 16:58:51 2023
****************************************

Attributes:
    b - black box (unknown)
    h - hierarchical
    n - noncombinational
    r - removable
    u - contains unmapped logic

Cell                      Reference       Library             Area  Attributes
--------------------------------------------------------------------------------
U4                        NOR2X0          saed90nm_typ_ht 5.529600  
U5                        XOR2X1          saed90nm_typ_ht 13.824000 
U6                        XNOR2X1         saed90nm_typ_ht 13.824000 
full_adder_ripple[0].FA   full_adder_ripple_0             39.628800 h
full_adder_ripple[1].FA   full_adder_ripple_31            39.628800 h
full_adder_ripple[2].FA   full_adder_ripple_30            39.628800 h
full_adder_ripple[3].FA   full_adder_ripple_29            39.628800 h
full_adder_ripple[4].FA   full_adder_ripple_28            39.628800 h
full_adder_ripple[5].FA   full_adder_ripple_27            39.628800 h
full_adder_ripple[6].FA   full_adder_ripple_26            39.628800 h
full_adder_ripple[7].FA   full_adder_ripple_25            39.628800 h
full_adder_ripple[8].FA   full_adder_ripple_24            39.628800 h
full_adder_ripple[9].FA   full_adder_ripple_23            39.628800 h
full_adder_ripple[10].FA  full_adder_ripple_22            39.628800 h
full_adder_ripple[11].FA  full_adder_ripple_21            39.628800 h
full_adder_ripple[12].FA  full_adder_ripple_20            39.628800 h
full_adder_ripple[13].FA  full_adder_ripple_19            39.628800 h
full_adder_ripple[14].FA  full_adder_ripple_18            39.628800 h
full_adder_ripple[15].FA  full_adder_ripple_17            39.628800 h
full_adder_ripple[16].FA  full_adder_ripple_16            39.628800 h
full_adder_ripple[17].FA  full_adder_ripple_15            39.628800 h
full_adder_ripple[18].FA  full_adder_ripple_14            39.628800 h
full_adder_ripple[19].FA  full_adder_ripple_13            39.628800 h
full_adder_ripple[20].FA  full_adder_ripple_12            39.628800 h
full_adder_ripple[21].FA  full_adder_ripple_11            39.628800 h
full_adder_ripple[22].FA  full_adder_ripple_10            39.628800 h
full_adder_ripple[23].FA  full_adder_ripple_9             39.628800 h
full_adder_ripple[24].FA  full_adder_ripple_8             39.628800 h
full_adder_ripple[25].FA  full_adder_ripple_7             39.628800 h
full_adder_ripple[26].FA  full_adder_ripple_6             39.628800 h
full_adder_ripple[27].FA  full_adder_ripple_5             39.628800 h
full_adder_ripple[28].FA  full_adder_ripple_4             39.628800 h
full_adder_ripple[29].FA  full_adder_ripple_3             39.628800 h
full_adder_ripple[30].FA  full_adder_ripple_2             39.628800 h
full_adder_ripple[31].FA  full_adder_ripple_1             39.628800 h
--------------------------------------------------------------------------------
Total 35 cells                                            1301.299213
1
