Information: Propagating switching activity (low effort zero delay simulation). (PWR-6)
Warning: There is no defined clock in the design. (PWR-80)
Warning: Design has unannotated primary inputs. (PWR-414)
 
****************************************
Report : power
        -analysis_effort low
Design : carry_select_adder
Version: U-2022.12-SP7
Date   : Tue Dec 12 18:06:11 2023
****************************************


Library(s) Used:

    saed90nm_typ_ht (File: /home/user37/Downloads/Lab4/ref/models/saed90nm_typ_ht.db)


Operating Conditions: TYPICAL   Library: saed90nm_typ_ht
Wire Load Model Mode: enclosed

Design        Wire Load Model            Library
------------------------------------------------
carry_select_adder     8000              saed90nm_typ_ht
FullAdder_16bit_0      8000              saed90nm_typ_ht
FullAdder_16bit_1      8000              saed90nm_typ_ht
FullAdder_16bit_2      8000              saed90nm_typ_ht
FullAdder_16bit_1_DW01_add_0
                       8000              saed90nm_typ_ht
FullAdder_16bit_2_DW01_add_0_DW01_add_1
                       8000              saed90nm_typ_ht
FullAdder_16bit_0_DW01_add_0_DW01_add_2
                       8000              saed90nm_typ_ht


Global Operating Voltage = 1.2  
Power-specific unit information :
    Voltage Units = 1V
    Capacitance Units = 1.000000ff
    Time Units = 1ns
    Dynamic Power Units = 1uW    (derived from V,C,T units)
    Leakage Power Units = 1pW


Attributes
----------
i - Including register clock pin internal power


  Cell Internal Power  = 477.3796 uW   (76%)
  Net Switching Power  = 149.1847 uW   (24%)
                         ---------
Total Dynamic Power    = 626.5643 uW  (100%)

Cell Leakage Power     =  26.6648 uW

Information: report_power power group summary does not include estimated clock tree power. (PWR-789)

                 Internal         Switching           Leakage            Total
Power Group      Power            Power               Power              Power   (   %    )  Attrs
--------------------------------------------------------------------------------------------------
io_pad             0.0000            0.0000            0.0000            0.0000  (   0.00%)
memory             0.0000            0.0000            0.0000            0.0000  (   0.00%)
black_box          0.0000            0.0000            0.0000            0.0000  (   0.00%)
clock_network      0.0000            0.0000            0.0000            0.0000  (   0.00%)  i
register           0.0000            0.0000            0.0000            0.0000  (   0.00%)
sequential         0.0000            0.0000            0.0000            0.0000  (   0.00%)
combinational    477.3796          149.1847        2.6665e+07          653.2289  ( 100.00%)
--------------------------------------------------------------------------------------------------
Total            477.3796 uW       149.1847 uW     2.6665e+07 pW       653.2289 uW
1
