 
****************************************
Report : cell
Design : floating_point_adder
Version: U-2022.12-SP7
Date   : Tue Dec 12 16:45:17 2023
****************************************

Attributes:
   BO - reference allows boundary optimization
    b - black box (unknown)
    h - hierarchical
    n - noncombinational
    r - removable
    u - contains unmapped logic

Cell                      Reference       Library             Area  Attributes
--------------------------------------------------------------------------------
U282                      AOI21X2         saed90nm_typ_ht 12.902400 
U283                      MUX21X1         saed90nm_typ_ht 11.059200 
U284                      MUX21X1         saed90nm_typ_ht 11.059200 
U285                      MUX21X1         saed90nm_typ_ht 11.059200 
U286                      MUX21X1         saed90nm_typ_ht 11.059200 
U287                      MUX21X1         saed90nm_typ_ht 11.059200 
U288                      MUX21X1         saed90nm_typ_ht 11.059200 
U289                      MUX21X1         saed90nm_typ_ht 11.059200 
U290                      NOR2X0          saed90nm_typ_ht 5.529600  
U291                      NOR4X0          saed90nm_typ_ht 9.216000  
U292                      OR3X1           saed90nm_typ_ht 9.216000  
U293                      OR4X1           saed90nm_typ_ht 10.137600 
U294                      INVX0           saed90nm_typ_ht 5.529600  
U295                      MUX21X1         saed90nm_typ_ht 11.059200 
U296                      NOR4X0          saed90nm_typ_ht 9.216000  
U297                      OR4X1           saed90nm_typ_ht 10.137600 
U298                      OR2X1           saed90nm_typ_ht 7.372800  
U299                      OR4X1           saed90nm_typ_ht 10.137600 
U300                      OR3X1           saed90nm_typ_ht 9.216000  
U301                      OR4X1           saed90nm_typ_ht 10.137600 
U302                      OR3X1           saed90nm_typ_ht 9.216000  
U303                      OR4X1           saed90nm_typ_ht 10.137600 
U304                      OR3X1           saed90nm_typ_ht 9.216000  
U305                      AO22X1          saed90nm_typ_ht 11.980800 
U306                      MUX21X1         saed90nm_typ_ht 11.059200 
U307                      AO22X1          saed90nm_typ_ht 11.980800 
U308                      AO22X1          saed90nm_typ_ht 11.980800 
U309                      AO22X1          saed90nm_typ_ht 11.980800 
U310                      AO22X1          saed90nm_typ_ht 11.980800 
U311                      AO22X1          saed90nm_typ_ht 11.980800 
U312                      AO22X1          saed90nm_typ_ht 11.980800 
U313                      AO22X1          saed90nm_typ_ht 11.980800 
U314                      AND2X1          saed90nm_typ_ht 7.372800  
U315                      NAND4X0         saed90nm_typ_ht 8.294400  
U316                      NOR4X0          saed90nm_typ_ht 9.216000  
U317                      OR4X1           saed90nm_typ_ht 10.137600 
U318                      OR4X1           saed90nm_typ_ht 10.137600 
U319                      OR4X1           saed90nm_typ_ht 10.137600 
U320                      OR4X1           saed90nm_typ_ht 10.137600 
U321                      NOR4X0          saed90nm_typ_ht 9.216000  
U322                      OR3X1           saed90nm_typ_ht 9.216000  
U323                      OR4X1           saed90nm_typ_ht 10.137600 
U324                      OR4X1           saed90nm_typ_ht 10.137600 
U325                      OR4X1           saed90nm_typ_ht 10.137600 
U326                      NOR4X0          saed90nm_typ_ht 9.216000  
U327                      OR4X1           saed90nm_typ_ht 10.137600 
U328                      OR4X1           saed90nm_typ_ht 10.137600 
U329                      OR4X1           saed90nm_typ_ht 10.137600 
U330                      OR4X1           saed90nm_typ_ht 10.137600 
U331                      NOR4X0          saed90nm_typ_ht 9.216000  
U332                      OR3X1           saed90nm_typ_ht 9.216000  
U333                      OR4X1           saed90nm_typ_ht 10.137600 
U334                      OR4X1           saed90nm_typ_ht 10.137600 
U335                      OR4X1           saed90nm_typ_ht 10.137600 
U336                      INVX0           saed90nm_typ_ht 5.529600  
U337                      MUX21X1         saed90nm_typ_ht 11.059200 
U338                      MUX21X1         saed90nm_typ_ht 11.059200 
U339                      MUX21X1         saed90nm_typ_ht 11.059200 
U340                      MUX21X1         saed90nm_typ_ht 11.059200 
U341                      MUX21X1         saed90nm_typ_ht 11.059200 
U342                      MUX21X1         saed90nm_typ_ht 11.059200 
U343                      MUX21X1         saed90nm_typ_ht 11.059200 
U344                      MUX21X1         saed90nm_typ_ht 11.059200 
U345                      MUX21X1         saed90nm_typ_ht 11.059200 
U346                      MUX21X1         saed90nm_typ_ht 11.059200 
U347                      MUX21X1         saed90nm_typ_ht 11.059200 
U348                      MUX21X1         saed90nm_typ_ht 11.059200 
U349                      MUX21X1         saed90nm_typ_ht 11.059200 
U350                      MUX21X1         saed90nm_typ_ht 11.059200 
U351                      MUX21X1         saed90nm_typ_ht 11.059200 
U352                      NOR2X0          saed90nm_typ_ht 5.529600  
U353                      NOR2X0          saed90nm_typ_ht 5.529600  
U354                      NOR2X0          saed90nm_typ_ht 5.529600  
U355                      NAND2X0         saed90nm_typ_ht 5.529600  
U356                      NOR2X0          saed90nm_typ_ht 5.529600  
U357                      OA221X1         saed90nm_typ_ht 12.902400 
U358                      AOI21X1         saed90nm_typ_ht 11.980800 
U359                      NOR2X0          saed90nm_typ_ht 5.529600  
U360                      NOR2X0          saed90nm_typ_ht 5.529600  
U361                      OA221X1         saed90nm_typ_ht 12.902400 
U362                      AOI21X1         saed90nm_typ_ht 11.980800 
U363                      NOR2X0          saed90nm_typ_ht 5.529600  
U364                      INVX0           saed90nm_typ_ht 5.529600  
U365                      NOR2X0          saed90nm_typ_ht 5.529600  
U366                      NOR4X0          saed90nm_typ_ht 9.216000  
U367                      OAI22X1         saed90nm_typ_ht 12.902400 
U368                      AND2X1          saed90nm_typ_ht 7.372800  
U369                      AO22X1          saed90nm_typ_ht 11.980800 
U370                      AO222X1         saed90nm_typ_ht 14.745600 
U371                      NOR2X0          saed90nm_typ_ht 5.529600  
U372                      NOR2X0          saed90nm_typ_ht 5.529600  
U373                      INVX0           saed90nm_typ_ht 5.529600  
U374                      OA21X1          saed90nm_typ_ht 9.216000  
U375                      NAND4X0         saed90nm_typ_ht 8.294400  
U376                      NAND2X0         saed90nm_typ_ht 5.529600  
U377                      NAND4X0         saed90nm_typ_ht 8.294400  
U378                      AOI22X1         saed90nm_typ_ht 12.902400 
U379                      INVX0           saed90nm_typ_ht 5.529600  
U380                      NAND3X0         saed90nm_typ_ht 7.372800  
U381                      INVX0           saed90nm_typ_ht 5.529600  
U382                      NAND4X0         saed90nm_typ_ht 8.294400  
U383                      INVX0           saed90nm_typ_ht 5.529600  
U384                      NAND3X0         saed90nm_typ_ht 7.372800  
U385                      AO22X1          saed90nm_typ_ht 11.980800 
U386                      NAND4X0         saed90nm_typ_ht 8.294400  
U387                      OA221X1         saed90nm_typ_ht 12.902400 
U388                      AOI221X1        saed90nm_typ_ht 14.745600 
U389                      AO222X1         saed90nm_typ_ht 14.745600 
U390                      NOR2X0          saed90nm_typ_ht 5.529600  
U391                      INVX0           saed90nm_typ_ht 5.529600  
U392                      INVX0           saed90nm_typ_ht 5.529600  
U393                      NOR2X0          saed90nm_typ_ht 5.529600  
U394                      INVX0           saed90nm_typ_ht 5.529600  
U395                      INVX0           saed90nm_typ_ht 5.529600  
U396                      INVX0           saed90nm_typ_ht 5.529600  
U397                      INVX0           saed90nm_typ_ht 5.529600  
U398                      NAND2X0         saed90nm_typ_ht 5.529600  
U399                      INVX0           saed90nm_typ_ht 5.529600  
U400                      NOR2X0          saed90nm_typ_ht 5.529600  
U401                      OA22X1          saed90nm_typ_ht 11.059200 
U402                      OA21X1          saed90nm_typ_ht 9.216000  
U403                      INVX0           saed90nm_typ_ht 5.529600  
U404                      NAND2X0         saed90nm_typ_ht 5.529600  
U405                      INVX0           saed90nm_typ_ht 5.529600  
U406                      INVX0           saed90nm_typ_ht 5.529600  
U407                      NAND3X0         saed90nm_typ_ht 7.372800  
U408                      INVX0           saed90nm_typ_ht 5.529600  
U409                      NAND3X0         saed90nm_typ_ht 7.372800  
U410                      INVX0           saed90nm_typ_ht 5.529600  
U411                      INVX0           saed90nm_typ_ht 5.529600  
U412                      MUX21X1         saed90nm_typ_ht 11.059200 
U413                      MUX21X1         saed90nm_typ_ht 11.059200 
U414                      MUX21X1         saed90nm_typ_ht 11.059200 
U415                      MUX21X1         saed90nm_typ_ht 11.059200 
U416                      MUX21X1         saed90nm_typ_ht 11.059200 
U417                      MUX21X1         saed90nm_typ_ht 11.059200 
U418                      MUX21X1         saed90nm_typ_ht 11.059200 
U419                      MUX21X1         saed90nm_typ_ht 11.059200 
U420                      MUX21X1         saed90nm_typ_ht 11.059200 
U421                      MUX21X1         saed90nm_typ_ht 11.059200 
U422                      MUX21X1         saed90nm_typ_ht 11.059200 
U423                      MUX21X1         saed90nm_typ_ht 11.059200 
U424                      MUX21X1         saed90nm_typ_ht 11.059200 
U425                      MUX21X1         saed90nm_typ_ht 11.059200 
U426                      MUX21X1         saed90nm_typ_ht 11.059200 
U427                      MUX21X1         saed90nm_typ_ht 11.059200 
U428                      MUX21X1         saed90nm_typ_ht 11.059200 
U429                      MUX21X1         saed90nm_typ_ht 11.059200 
U430                      MUX21X1         saed90nm_typ_ht 11.059200 
U431                      MUX21X1         saed90nm_typ_ht 11.059200 
U432                      MUX21X1         saed90nm_typ_ht 11.059200 
U433                      MUX21X1         saed90nm_typ_ht 11.059200 
U434                      MUX21X1         saed90nm_typ_ht 11.059200 
U435                      MUX21X1         saed90nm_typ_ht 11.059200 
U436                      MUX21X1         saed90nm_typ_ht 11.059200 
U437                      MUX21X1         saed90nm_typ_ht 11.059200 
U438                      MUX21X1         saed90nm_typ_ht 11.059200 
U439                      MUX21X1         saed90nm_typ_ht 11.059200 
U440                      MUX21X1         saed90nm_typ_ht 11.059200 
U441                      MUX21X1         saed90nm_typ_ht 11.059200 
U442                      MUX21X1         saed90nm_typ_ht 11.059200 
U443                      MUX21X1         saed90nm_typ_ht 11.059200 
U444                      MUX21X1         saed90nm_typ_ht 11.059200 
U445                      MUX21X1         saed90nm_typ_ht 11.059200 
U446                      MUX21X1         saed90nm_typ_ht 11.059200 
U447                      MUX21X1         saed90nm_typ_ht 11.059200 
U448                      MUX21X1         saed90nm_typ_ht 11.059200 
U449                      MUX21X1         saed90nm_typ_ht 11.059200 
U450                      MUX21X1         saed90nm_typ_ht 11.059200 
U451                      MUX21X1         saed90nm_typ_ht 11.059200 
U452                      MUX21X1         saed90nm_typ_ht 11.059200 
U453                      MUX21X1         saed90nm_typ_ht 11.059200 
U454                      MUX21X1         saed90nm_typ_ht 11.059200 
U455                      MUX21X1         saed90nm_typ_ht 11.059200 
U456                      MUX21X1         saed90nm_typ_ht 11.059200 
U457                      MUX21X1         saed90nm_typ_ht 11.059200 
U458                      MUX21X1         saed90nm_typ_ht 11.059200 
U459                      MUX21X1         saed90nm_typ_ht 11.059200 
U460                      MUX21X1         saed90nm_typ_ht 11.059200 
U461                      MUX21X1         saed90nm_typ_ht 11.059200 
U462                      MUX21X1         saed90nm_typ_ht 11.059200 
U463                      MUX21X1         saed90nm_typ_ht 11.059200 
U464                      MUX21X1         saed90nm_typ_ht 11.059200 
U465                      MUX21X1         saed90nm_typ_ht 11.059200 
U466                      MUX21X1         saed90nm_typ_ht 11.059200 
U467                      NOR4X0          saed90nm_typ_ht 9.216000  
U468                      INVX0           saed90nm_typ_ht 5.529600  
U469                      MUX21X1         saed90nm_typ_ht 11.059200 
U470                      INVX0           saed90nm_typ_ht 5.529600  
U471                      MUX21X1         saed90nm_typ_ht 11.059200 
U472                      NAND3X0         saed90nm_typ_ht 7.372800  
U473                      INVX0           saed90nm_typ_ht 5.529600  
U474                      NOR2X0          saed90nm_typ_ht 5.529600  
U475                      NAND2X0         saed90nm_typ_ht 5.529600  
U476                      INVX0           saed90nm_typ_ht 5.529600  
U477                      MUX21X1         saed90nm_typ_ht 11.059200 
U478                      NOR3X0          saed90nm_typ_ht 8.294400  
U479                      NAND2X0         saed90nm_typ_ht 5.529600  
U480                      NOR2X0          saed90nm_typ_ht 5.529600  
U481                      MUX21X1         saed90nm_typ_ht 11.059200 
U482                      MUX21X1         saed90nm_typ_ht 11.059200 
U483                      NOR3X0          saed90nm_typ_ht 8.294400  
U484                      NAND2X0         saed90nm_typ_ht 5.529600  
U485                      NOR2X0          saed90nm_typ_ht 5.529600  
U486                      MUX21X1         saed90nm_typ_ht 11.059200 
U487                      MUX21X1         saed90nm_typ_ht 11.059200 
U488                      INVX0           saed90nm_typ_ht 5.529600  
U489                      NAND2X0         saed90nm_typ_ht 5.529600  
U490                      INVX0           saed90nm_typ_ht 5.529600  
U491                      MUX21X1         saed90nm_typ_ht 11.059200 
U492                      NOR2X0          saed90nm_typ_ht 5.529600  
U493                      OR2X1           saed90nm_typ_ht 7.372800  
U494                      MUX21X1         saed90nm_typ_ht 11.059200 
U495                      MUX21X1         saed90nm_typ_ht 11.059200 
U496                      INVX0           saed90nm_typ_ht 5.529600  
U497                      NOR3X0          saed90nm_typ_ht 8.294400  
U498                      NAND2X0         saed90nm_typ_ht 5.529600  
U499                      NOR3X0          saed90nm_typ_ht 8.294400  
U500                      MUX21X1         saed90nm_typ_ht 11.059200 
U501                      MUX21X1         saed90nm_typ_ht 11.059200 
U502                      MUX21X1         saed90nm_typ_ht 11.059200 
U503                      NOR2X0          saed90nm_typ_ht 5.529600  
U504                      MUX21X1         saed90nm_typ_ht 11.059200 
U505                      NAND3X0         saed90nm_typ_ht 7.372800  
U506                      NOR3X0          saed90nm_typ_ht 8.294400  
U507                      MUX21X1         saed90nm_typ_ht 11.059200 
U508                      MUX21X1         saed90nm_typ_ht 11.059200 
U509                      MUX21X1         saed90nm_typ_ht 11.059200 
U510                      INVX0           saed90nm_typ_ht 5.529600  
U511                      MUX21X1         saed90nm_typ_ht 11.059200 
U512                      INVX0           saed90nm_typ_ht 5.529600  
U513                      MUX21X1         saed90nm_typ_ht 11.059200 
U514                      MUX21X1         saed90nm_typ_ht 11.059200 
U515                      MUX21X1         saed90nm_typ_ht 11.059200 
U516                      MUX21X1         saed90nm_typ_ht 11.059200 
U517                      MUX21X1         saed90nm_typ_ht 11.059200 
U518                      INVX0           saed90nm_typ_ht 5.529600  
U519                      NOR2X0          saed90nm_typ_ht 5.529600  
U520                      MUX21X1         saed90nm_typ_ht 11.059200 
U521                      MUX21X1         saed90nm_typ_ht 11.059200 
U522                      MUX21X1         saed90nm_typ_ht 11.059200 
U523                      MUX21X1         saed90nm_typ_ht 11.059200 
U524                      OA21X1          saed90nm_typ_ht 9.216000  
U525                      MUX21X1         saed90nm_typ_ht 11.059200 
U526                      INVX0           saed90nm_typ_ht 5.529600  
U527                      MUX21X1         saed90nm_typ_ht 11.059200 
U528                      INVX0           saed90nm_typ_ht 5.529600  
U529                      NAND4X0         saed90nm_typ_ht 8.294400  
U530                      MUX21X1         saed90nm_typ_ht 11.059200 
U531                      MUX21X1         saed90nm_typ_ht 11.059200 
U532                      MUX21X1         saed90nm_typ_ht 11.059200 
U533                      MUX21X1         saed90nm_typ_ht 11.059200 
U534                      OA22X1          saed90nm_typ_ht 11.059200 
U535                      AND2X1          saed90nm_typ_ht 7.372800  
U536                      OA221X1         saed90nm_typ_ht 12.902400 
U537                      AO221X1         saed90nm_typ_ht 12.902400 
U538                      OA221X1         saed90nm_typ_ht 12.902400 
U539                      AO222X1         saed90nm_typ_ht 14.745600 
U540                      INVX0           saed90nm_typ_ht 5.529600  
U541                      OR2X1           saed90nm_typ_ht 7.372800  
U542                      AOI22X1         saed90nm_typ_ht 12.902400 
U543                      OA21X1          saed90nm_typ_ht 9.216000  
U544                      INVX0           saed90nm_typ_ht 5.529600  
U545                      INVX0           saed90nm_typ_ht 5.529600  
U546                      INVX0           saed90nm_typ_ht 5.529600  
U547                      INVX0           saed90nm_typ_ht 5.529600  
U548                      INVX0           saed90nm_typ_ht 5.529600  
U549                      INVX0           saed90nm_typ_ht 5.529600  
U550                      INVX0           saed90nm_typ_ht 5.529600  
add_38                    floating_point_adder_DW01_add_0 700.415990
                                                                    BO, h
add_69                    floating_point_adder_DW01_inc_0 113.356801
                                                                    BO, h
sll_72                    floating_point_adder_DW01_ash_0 1324.339225
                                                                    BO, h
srl_36                    floating_point_adder_DW_rash_0  1269.043199
                                                                    BO, h
sub_35                    floating_point_adder_DW01_sub_2 268.185599
                                                                    BO, h
sub_38                    floating_point_adder_DW01_sub_1 833.126393
                                                                    BO, h
sub_73                    floating_point_adder_DW01_sub_0 268.185599
                                                                    BO, h
--------------------------------------------------------------------------------
Total 276 cells                                           7288.934437
1
