 
****************************************
Report : qor
Design : floating_point_adder
Version: U-2022.12-SP7
Date   : Tue Dec 12 16:45:17 2023
****************************************


  Timing Path Group (none)
  -----------------------------------
  Levels of Logic:              84.00
  Critical Path Length:         19.92
  Critical Path Slack:         uninit
  Critical Path Clk Period:       n/a
  Total Negative Slack:          0.00
  No. of Violating Paths:        0.00
  Worst Hold Violation:          0.00
  Total Hold Violation:          0.00
  No. of Hold Violations:        0.00
  -----------------------------------


  Cell Count
  -----------------------------------
  Hierarchical Cell Count:          7
  Hierarchical Port Count:        336
  Leaf Cell Count:                664
  Buf/Inv Cell Count:             119
  Buf Cell Count:                   0
  Inv Cell Count:                 119
  CT Buf/Inv Cell Count:            0
  Combinational Cell Count:       664
  Sequential Cell Count:            0
  Macro Count:                      0
  -----------------------------------


  Area
  -----------------------------------
  Combinational Area:     7288.934437
  Noncombinational Area:     0.000000
  Buf/Inv Area:            658.022417
  Total Buffer Area:             0.00
  Total Inverter Area:         658.02
  Macro/Black Box Area:      0.000000
  Net Area:                424.242042
  -----------------------------------
  Cell Area:              7288.934437
  Design Area:            7713.176478


  Design Rules
  -----------------------------------
  Total Number of Nets:           797
  Nets With Violations:             0
  Max Trans Violations:             0
  Max Cap Violations:               0
  -----------------------------------


  Hostname: ip-172-31-17-209.ec2.internal

  Compile CPU Statistics
  -----------------------------------------
  Resource Sharing:                    1.53
  Logic Optimization:                  0.14
  Mapping Optimization:                0.19
  -----------------------------------------
  Overall Compile Time:                2.22
  Overall Compile Wall Clock Time:     2.45

  --------------------------------------------------------------------

  Design  WNS: 0.00  TNS: 0.00  Number of Violating Paths: 0


  Design (Hold)  WNS: 0.00  TNS: 0.00  Number of Violating Paths: 0

  --------------------------------------------------------------------


1
