 
****************************************
Report : area
Design : mux_2x1
Version: U-2022.12-SP7
Date   : Tue Dec 12 16:53:10 2023
****************************************

Information: Updating design information... (UID-85)
Library(s) Used:

    saed90nm_typ_ht (File: /home/user37/Downloads/Lab4/ref/models/saed90nm_typ_ht.db)

Number of ports:                            4
Number of nets:                             4
Number of cells:                            1
Number of combinational cells:              1
Number of sequential cells:                 0
Number of macros/black boxes:               0
Number of buf/inv:                          0
Number of references:                       1

Combinational area:                 11.059200
Buf/Inv area:                        0.000000
Noncombinational area:               0.000000
Macro/Black Box area:                0.000000
Net Interconnect area:               0.331001

Total cell area:                    11.059200
Total area:                         11.390202
1
