Information: Propagating switching activity (low effort zero delay simulation). (PWR-6)
Warning: There is no defined clock in the design. (PWR-80)
Warning: Design has unannotated primary inputs. (PWR-414)
 
****************************************
Report : power
        -analysis_effort low
Design : ripple_carry_adder_bypass
Version: U-2022.12-SP7
Date   : Tue Dec 12 16:49:26 2023
****************************************


Library(s) Used:

    saed90nm_typ_ht (File: /home/user37/Downloads/Lab4/ref/models/saed90nm_typ_ht.db)


Operating Conditions: TYPICAL   Library: saed90nm_typ_ht
Wire Load Model Mode: enclosed

Design        Wire Load Model            Library
------------------------------------------------
ripple_carry_adder_bypass
                       ForQA             saed90nm_typ_ht
full_adder_bypass_32   ForQA             saed90nm_typ_ht
full_adder_bypass_33   ForQA             saed90nm_typ_ht
full_adder_bypass_34   ForQA             saed90nm_typ_ht
full_adder_bypass_35   ForQA             saed90nm_typ_ht


Global Operating Voltage = 1.2  
Power-specific unit information :
    Voltage Units = 1V
    Capacitance Units = 1.000000ff
    Time Units = 1ns
    Dynamic Power Units = 1uW    (derived from V,C,T units)
    Leakage Power Units = 1pW


Attributes
----------
i - Including register clock pin internal power


  Cell Internal Power  =  49.6432 uW   (75%)
  Net Switching Power  =  16.6274 uW   (25%)
                         ---------
Total Dynamic Power    =  66.2706 uW  (100%)

Cell Leakage Power     =   2.8076 uW

Information: report_power power group summary does not include estimated clock tree power. (PWR-789)

                 Internal         Switching           Leakage            Total
Power Group      Power            Power               Power              Power   (   %    )  Attrs
--------------------------------------------------------------------------------------------------
io_pad             0.0000            0.0000            0.0000            0.0000  (   0.00%)
memory             0.0000            0.0000            0.0000            0.0000  (   0.00%)
black_box          0.0000            0.0000            0.0000            0.0000  (   0.00%)
clock_network      0.0000            0.0000            0.0000            0.0000  (   0.00%)  i
register           0.0000            0.0000            0.0000            0.0000  (   0.00%)
sequential         0.0000            0.0000            0.0000            0.0000  (   0.00%)
combinational     49.6432           16.6274        2.8076e+06           69.0783  ( 100.00%)
--------------------------------------------------------------------------------------------------
Total             49.6432 uW        16.6274 uW     2.8076e+06 pW        69.0783 uW
1
