Information: Updating design information... (UID-85)
 
****************************************
Report : timing
        -path full
        -delay max
        -max_paths 100
Design : carry_lookahead_adder
Version: U-2022.12-SP7
Date   : Wed Dec 13 18:38:22 2023
****************************************

Operating Conditions: TYPICAL   Library: saed90nm_typ_ht
Wire Load Model Mode: enclosed

  Startpoint: b[0] (input port)
  Endpoint: overflow (output port)
  Path Group: (none)
  Path Type: max

  Des/Clust/Port     Wire Load Model       Library
  ------------------------------------------------
  carry_lookahead_adder
                     8000                  saed90nm_typ_ht

  Point                                    Incr       Path
  -----------------------------------------------------------
  input external delay                     1.00       1.00 r
  b[0] (in)                                0.00       1.00 r
  U186/Q (XOR2X1)                          0.22       1.22 f
  U185/Q (AO22X1)                          0.18       1.40 f
  U184/Q (AO22X1)                          0.18       1.59 f
  U183/Q (AO22X1)                          0.18       1.77 f
  U182/Q (AO22X1)                          0.18       1.95 f
  U181/Q (AO22X1)                          0.18       2.14 f
  U180/Q (AO22X1)                          0.18       2.32 f
  U179/Q (AO22X1)                          0.18       2.51 f
  U178/Q (AO22X1)                          0.18       2.69 f
  U177/Q (AO22X1)                          0.18       2.87 f
  U176/Q (AO22X1)                          0.18       3.06 f
  U175/Q (AO22X1)                          0.18       3.24 f
  U174/Q (AO22X1)                          0.18       3.42 f
  U173/Q (AO22X1)                          0.18       3.61 f
  U172/Q (AO22X1)                          0.18       3.79 f
  U171/Q (AO22X1)                          0.18       3.98 f
  U170/Q (AO22X1)                          0.18       4.16 f
  U169/Q (AO22X1)                          0.18       4.34 f
  U168/Q (AO22X1)                          0.18       4.53 f
  U167/Q (AO22X1)                          0.18       4.71 f
  U166/Q (AO22X1)                          0.18       4.89 f
  U165/Q (AO22X1)                          0.18       5.08 f
  U164/Q (AO22X1)                          0.18       5.26 f
  U163/Q (AO22X1)                          0.18       5.45 f
  U162/Q (AO22X1)                          0.18       5.63 f
  U161/Q (AO21X1)                          0.19       5.82 f
  U160/Q (AO21X1)                          0.19       6.02 f
  U159/Q (AO21X1)                          0.19       6.21 f
  U158/Q (AO22X1)                          0.18       6.40 f
  U157/Q (AO22X1)                          0.18       6.58 f
  U156/Q (AO22X1)                          0.18       6.76 f
  U155/Q (AO21X1)                          0.21       6.97 f
  U153/Q (XNOR2X1)                         0.25       7.22 f
  U152/QN (NOR2X0)                         0.17       7.39 r
  overflow (out)                           0.22       7.61 r
  data arrival time                                   7.61
  -----------------------------------------------------------
  (Path is unconstrained)


  Startpoint: b[0] (input port)
  Endpoint: sum[31] (output port)
  Path Group: (none)
  Path Type: max

  Des/Clust/Port     Wire Load Model       Library
  ------------------------------------------------
  carry_lookahead_adder
                     8000                  saed90nm_typ_ht

  Point                                    Incr       Path
  -----------------------------------------------------------
  input external delay                     1.00       1.00 r
  b[0] (in)                                0.00       1.00 r
  U186/Q (XOR2X1)                          0.22       1.22 f
  U185/Q (AO22X1)                          0.18       1.40 f
  U184/Q (AO22X1)                          0.18       1.59 f
  U183/Q (AO22X1)                          0.18       1.77 f
  U182/Q (AO22X1)                          0.18       1.95 f
  U181/Q (AO22X1)                          0.18       2.14 f
  U180/Q (AO22X1)                          0.18       2.32 f
  U179/Q (AO22X1)                          0.18       2.51 f
  U178/Q (AO22X1)                          0.18       2.69 f
  U177/Q (AO22X1)                          0.18       2.87 f
  U176/Q (AO22X1)                          0.18       3.06 f
  U175/Q (AO22X1)                          0.18       3.24 f
  U174/Q (AO22X1)                          0.18       3.42 f
  U173/Q (AO22X1)                          0.18       3.61 f
  U172/Q (AO22X1)                          0.18       3.79 f
  U171/Q (AO22X1)                          0.18       3.98 f
  U170/Q (AO22X1)                          0.18       4.16 f
  U169/Q (AO22X1)                          0.18       4.34 f
  U168/Q (AO22X1)                          0.18       4.53 f
  U167/Q (AO22X1)                          0.18       4.71 f
  U166/Q (AO22X1)                          0.18       4.89 f
  U165/Q (AO22X1)                          0.18       5.08 f
  U164/Q (AO22X1)                          0.18       5.26 f
  U163/Q (AO22X1)                          0.18       5.45 f
  U162/Q (AO22X1)                          0.18       5.63 f
  U161/Q (AO21X1)                          0.19       5.82 f
  U160/Q (AO21X1)                          0.19       6.02 f
  U159/Q (AO21X1)                          0.19       6.21 f
  U158/Q (AO22X1)                          0.18       6.40 f
  U157/Q (AO22X1)                          0.18       6.58 f
  U156/Q (AO22X1)                          0.18       6.76 f
  U155/Q (AO21X1)                          0.21       6.97 f
  U127/Q (XOR2X1)                          0.25       7.22 f
  sum[31] (out)                            0.22       7.44 f
  data arrival time                                   7.44
  -----------------------------------------------------------
  (Path is unconstrained)


  Startpoint: b[0] (input port)
  Endpoint: cout (output port)
  Path Group: (none)
  Path Type: max

  Des/Clust/Port     Wire Load Model       Library
  ------------------------------------------------
  carry_lookahead_adder
                     8000                  saed90nm_typ_ht

  Point                                    Incr       Path
  -----------------------------------------------------------
  input external delay                     1.00       1.00 r
  b[0] (in)                                0.00       1.00 r
  U186/Q (XOR2X1)                          0.22       1.22 f
  U185/Q (AO22X1)                          0.18       1.40 f
  U184/Q (AO22X1)                          0.18       1.59 f
  U183/Q (AO22X1)                          0.18       1.77 f
  U182/Q (AO22X1)                          0.18       1.95 f
  U181/Q (AO22X1)                          0.18       2.14 f
  U180/Q (AO22X1)                          0.18       2.32 f
  U179/Q (AO22X1)                          0.18       2.51 f
  U178/Q (AO22X1)                          0.18       2.69 f
  U177/Q (AO22X1)                          0.18       2.87 f
  U176/Q (AO22X1)                          0.18       3.06 f
  U175/Q (AO22X1)                          0.18       3.24 f
  U174/Q (AO22X1)                          0.18       3.42 f
  U173/Q (AO22X1)                          0.18       3.61 f
  U172/Q (AO22X1)                          0.18       3.79 f
  U171/Q (AO22X1)                          0.18       3.98 f
  U170/Q (AO22X1)                          0.18       4.16 f
  U169/Q (AO22X1)                          0.18       4.34 f
  U168/Q (AO22X1)                          0.18       4.53 f
  U167/Q (AO22X1)                          0.18       4.71 f
  U166/Q (AO22X1)                          0.18       4.89 f
  U165/Q (AO22X1)                          0.18       5.08 f
  U164/Q (AO22X1)                          0.18       5.26 f
  U163/Q (AO22X1)                          0.18       5.45 f
  U162/Q (AO22X1)                          0.18       5.63 f
  U161/Q (AO21X1)                          0.19       5.82 f
  U160/Q (AO21X1)                          0.19       6.02 f
  U159/Q (AO21X1)                          0.19       6.21 f
  U158/Q (AO22X1)                          0.18       6.40 f
  U157/Q (AO22X1)                          0.18       6.58 f
  U156/Q (AO22X1)                          0.18       6.76 f
  U155/Q (AO21X1)                          0.21       6.97 f
  U154/Q (AO22X1)                          0.20       7.17 f
  cout (out)                               0.22       7.39 f
  data arrival time                                   7.39
  -----------------------------------------------------------
  (Path is unconstrained)


  Startpoint: b[0] (input port)
  Endpoint: sum[30] (output port)
  Path Group: (none)
  Path Type: max

  Des/Clust/Port     Wire Load Model       Library
  ------------------------------------------------
  carry_lookahead_adder
                     8000                  saed90nm_typ_ht

  Point                                    Incr       Path
  -----------------------------------------------------------
  input external delay                     1.00       1.00 r
  b[0] (in)                                0.00       1.00 r
  U186/Q (XOR2X1)                          0.22       1.22 f
  U185/Q (AO22X1)                          0.18       1.40 f
  U184/Q (AO22X1)                          0.18       1.59 f
  U183/Q (AO22X1)                          0.18       1.77 f
  U182/Q (AO22X1)                          0.18       1.95 f
  U181/Q (AO22X1)                          0.18       2.14 f
  U180/Q (AO22X1)                          0.18       2.32 f
  U179/Q (AO22X1)                          0.18       2.51 f
  U178/Q (AO22X1)                          0.18       2.69 f
  U177/Q (AO22X1)                          0.18       2.87 f
  U176/Q (AO22X1)                          0.18       3.06 f
  U175/Q (AO22X1)                          0.18       3.24 f
  U174/Q (AO22X1)                          0.18       3.42 f
  U173/Q (AO22X1)                          0.18       3.61 f
  U172/Q (AO22X1)                          0.18       3.79 f
  U171/Q (AO22X1)                          0.18       3.98 f
  U170/Q (AO22X1)                          0.18       4.16 f
  U169/Q (AO22X1)                          0.18       4.34 f
  U168/Q (AO22X1)                          0.18       4.53 f
  U167/Q (AO22X1)                          0.18       4.71 f
  U166/Q (AO22X1)                          0.18       4.89 f
  U165/Q (AO22X1)                          0.18       5.08 f
  U164/Q (AO22X1)                          0.18       5.26 f
  U163/Q (AO22X1)                          0.18       5.45 f
  U162/Q (AO22X1)                          0.18       5.63 f
  U161/Q (AO21X1)                          0.19       5.82 f
  U160/Q (AO21X1)                          0.19       6.02 f
  U159/Q (AO21X1)                          0.19       6.21 f
  U158/Q (AO22X1)                          0.18       6.40 f
  U157/Q (AO22X1)                          0.18       6.58 f
  U156/Q (AO22X1)                          0.18       6.76 f
  U128/Q (XOR2X1)                          0.24       7.00 f
  sum[30] (out)                            0.22       7.22 f
  data arrival time                                   7.22
  -----------------------------------------------------------
  (Path is unconstrained)


  Startpoint: b[0] (input port)
  Endpoint: sum[29] (output port)
  Path Group: (none)
  Path Type: max

  Des/Clust/Port     Wire Load Model       Library
  ------------------------------------------------
  carry_lookahead_adder
                     8000                  saed90nm_typ_ht

  Point                                    Incr       Path
  -----------------------------------------------------------
  input external delay                     1.00       1.00 r
  b[0] (in)                                0.00       1.00 r
  U186/Q (XOR2X1)                          0.22       1.22 f
  U185/Q (AO22X1)                          0.18       1.40 f
  U184/Q (AO22X1)                          0.18       1.59 f
  U183/Q (AO22X1)                          0.18       1.77 f
  U182/Q (AO22X1)                          0.18       1.95 f
  U181/Q (AO22X1)                          0.18       2.14 f
  U180/Q (AO22X1)                          0.18       2.32 f
  U179/Q (AO22X1)                          0.18       2.51 f
  U178/Q (AO22X1)                          0.18       2.69 f
  U177/Q (AO22X1)                          0.18       2.87 f
  U176/Q (AO22X1)                          0.18       3.06 f
  U175/Q (AO22X1)                          0.18       3.24 f
  U174/Q (AO22X1)                          0.18       3.42 f
  U173/Q (AO22X1)                          0.18       3.61 f
  U172/Q (AO22X1)                          0.18       3.79 f
  U171/Q (AO22X1)                          0.18       3.98 f
  U170/Q (AO22X1)                          0.18       4.16 f
  U169/Q (AO22X1)                          0.18       4.34 f
  U168/Q (AO22X1)                          0.18       4.53 f
  U167/Q (AO22X1)                          0.18       4.71 f
  U166/Q (AO22X1)                          0.18       4.89 f
  U165/Q (AO22X1)                          0.18       5.08 f
  U164/Q (AO22X1)                          0.18       5.26 f
  U163/Q (AO22X1)                          0.18       5.45 f
  U162/Q (AO22X1)                          0.18       5.63 f
  U161/Q (AO21X1)                          0.19       5.82 f
  U160/Q (AO21X1)                          0.19       6.02 f
  U159/Q (AO21X1)                          0.19       6.21 f
  U158/Q (AO22X1)                          0.18       6.40 f
  U157/Q (AO22X1)                          0.18       6.58 f
  U130/Q (XOR2X1)                          0.24       6.82 f
  sum[29] (out)                            0.22       7.04 f
  data arrival time                                   7.04
  -----------------------------------------------------------
  (Path is unconstrained)


  Startpoint: b[0] (input port)
  Endpoint: sum[28] (output port)
  Path Group: (none)
  Path Type: max

  Des/Clust/Port     Wire Load Model       Library
  ------------------------------------------------
  carry_lookahead_adder
                     8000                  saed90nm_typ_ht

  Point                                    Incr       Path
  -----------------------------------------------------------
  input external delay                     1.00       1.00 r
  b[0] (in)                                0.00       1.00 r
  U186/Q (XOR2X1)                          0.22       1.22 f
  U185/Q (AO22X1)                          0.18       1.40 f
  U184/Q (AO22X1)                          0.18       1.59 f
  U183/Q (AO22X1)                          0.18       1.77 f
  U182/Q (AO22X1)                          0.18       1.95 f
  U181/Q (AO22X1)                          0.18       2.14 f
  U180/Q (AO22X1)                          0.18       2.32 f
  U179/Q (AO22X1)                          0.18       2.51 f
  U178/Q (AO22X1)                          0.18       2.69 f
  U177/Q (AO22X1)                          0.18       2.87 f
  U176/Q (AO22X1)                          0.18       3.06 f
  U175/Q (AO22X1)                          0.18       3.24 f
  U174/Q (AO22X1)                          0.18       3.42 f
  U173/Q (AO22X1)                          0.18       3.61 f
  U172/Q (AO22X1)                          0.18       3.79 f
  U171/Q (AO22X1)                          0.18       3.98 f
  U170/Q (AO22X1)                          0.18       4.16 f
  U169/Q (AO22X1)                          0.18       4.34 f
  U168/Q (AO22X1)                          0.18       4.53 f
  U167/Q (AO22X1)                          0.18       4.71 f
  U166/Q (AO22X1)                          0.18       4.89 f
  U165/Q (AO22X1)                          0.18       5.08 f
  U164/Q (AO22X1)                          0.18       5.26 f
  U163/Q (AO22X1)                          0.18       5.45 f
  U162/Q (AO22X1)                          0.18       5.63 f
  U161/Q (AO21X1)                          0.19       5.82 f
  U160/Q (AO21X1)                          0.19       6.02 f
  U159/Q (AO21X1)                          0.19       6.21 f
  U158/Q (AO22X1)                          0.18       6.40 f
  U131/Q (XOR2X1)                          0.24       6.64 f
  sum[28] (out)                            0.22       6.86 f
  data arrival time                                   6.86
  -----------------------------------------------------------
  (Path is unconstrained)


  Startpoint: b[0] (input port)
  Endpoint: sum[27] (output port)
  Path Group: (none)
  Path Type: max

  Des/Clust/Port     Wire Load Model       Library
  ------------------------------------------------
  carry_lookahead_adder
                     8000                  saed90nm_typ_ht

  Point                                    Incr       Path
  -----------------------------------------------------------
  input external delay                     1.00       1.00 r
  b[0] (in)                                0.00       1.00 r
  U186/Q (XOR2X1)                          0.22       1.22 f
  U185/Q (AO22X1)                          0.18       1.40 f
  U184/Q (AO22X1)                          0.18       1.59 f
  U183/Q (AO22X1)                          0.18       1.77 f
  U182/Q (AO22X1)                          0.18       1.95 f
  U181/Q (AO22X1)                          0.18       2.14 f
  U180/Q (AO22X1)                          0.18       2.32 f
  U179/Q (AO22X1)                          0.18       2.51 f
  U178/Q (AO22X1)                          0.18       2.69 f
  U177/Q (AO22X1)                          0.18       2.87 f
  U176/Q (AO22X1)                          0.18       3.06 f
  U175/Q (AO22X1)                          0.18       3.24 f
  U174/Q (AO22X1)                          0.18       3.42 f
  U173/Q (AO22X1)                          0.18       3.61 f
  U172/Q (AO22X1)                          0.18       3.79 f
  U171/Q (AO22X1)                          0.18       3.98 f
  U170/Q (AO22X1)                          0.18       4.16 f
  U169/Q (AO22X1)                          0.18       4.34 f
  U168/Q (AO22X1)                          0.18       4.53 f
  U167/Q (AO22X1)                          0.18       4.71 f
  U166/Q (AO22X1)                          0.18       4.89 f
  U165/Q (AO22X1)                          0.18       5.08 f
  U164/Q (AO22X1)                          0.18       5.26 f
  U163/Q (AO22X1)                          0.18       5.45 f
  U162/Q (AO22X1)                          0.18       5.63 f
  U161/Q (AO21X1)                          0.19       5.82 f
  U160/Q (AO21X1)                          0.19       6.02 f
  U159/Q (AO21X1)                          0.19       6.21 f
  U132/Q (XOR2X1)                          0.24       6.45 f
  sum[27] (out)                            0.22       6.67 f
  data arrival time                                   6.67
  -----------------------------------------------------------
  (Path is unconstrained)


  Startpoint: b[0] (input port)
  Endpoint: sum[26] (output port)
  Path Group: (none)
  Path Type: max

  Des/Clust/Port     Wire Load Model       Library
  ------------------------------------------------
  carry_lookahead_adder
                     8000                  saed90nm_typ_ht

  Point                                    Incr       Path
  -----------------------------------------------------------
  input external delay                     1.00       1.00 r
  b[0] (in)                                0.00       1.00 r
  U186/Q (XOR2X1)                          0.22       1.22 f
  U185/Q (AO22X1)                          0.18       1.40 f
  U184/Q (AO22X1)                          0.18       1.59 f
  U183/Q (AO22X1)                          0.18       1.77 f
  U182/Q (AO22X1)                          0.18       1.95 f
  U181/Q (AO22X1)                          0.18       2.14 f
  U180/Q (AO22X1)                          0.18       2.32 f
  U179/Q (AO22X1)                          0.18       2.51 f
  U178/Q (AO22X1)                          0.18       2.69 f
  U177/Q (AO22X1)                          0.18       2.87 f
  U176/Q (AO22X1)                          0.18       3.06 f
  U175/Q (AO22X1)                          0.18       3.24 f
  U174/Q (AO22X1)                          0.18       3.42 f
  U173/Q (AO22X1)                          0.18       3.61 f
  U172/Q (AO22X1)                          0.18       3.79 f
  U171/Q (AO22X1)                          0.18       3.98 f
  U170/Q (AO22X1)                          0.18       4.16 f
  U169/Q (AO22X1)                          0.18       4.34 f
  U168/Q (AO22X1)                          0.18       4.53 f
  U167/Q (AO22X1)                          0.18       4.71 f
  U166/Q (AO22X1)                          0.18       4.89 f
  U165/Q (AO22X1)                          0.18       5.08 f
  U164/Q (AO22X1)                          0.18       5.26 f
  U163/Q (AO22X1)                          0.18       5.45 f
  U162/Q (AO22X1)                          0.18       5.63 f
  U161/Q (AO21X1)                          0.19       5.82 f
  U160/Q (AO21X1)                          0.19       6.02 f
  U133/Q (XOR2X1)                          0.24       6.26 f
  sum[26] (out)                            0.22       6.48 f
  data arrival time                                   6.48
  -----------------------------------------------------------
  (Path is unconstrained)


  Startpoint: b[0] (input port)
  Endpoint: sum[25] (output port)
  Path Group: (none)
  Path Type: max

  Des/Clust/Port     Wire Load Model       Library
  ------------------------------------------------
  carry_lookahead_adder
                     8000                  saed90nm_typ_ht

  Point                                    Incr       Path
  -----------------------------------------------------------
  input external delay                     1.00       1.00 r
  b[0] (in)                                0.00       1.00 r
  U186/Q (XOR2X1)                          0.22       1.22 f
  U185/Q (AO22X1)                          0.18       1.40 f
  U184/Q (AO22X1)                          0.18       1.59 f
  U183/Q (AO22X1)                          0.18       1.77 f
  U182/Q (AO22X1)                          0.18       1.95 f
  U181/Q (AO22X1)                          0.18       2.14 f
  U180/Q (AO22X1)                          0.18       2.32 f
  U179/Q (AO22X1)                          0.18       2.51 f
  U178/Q (AO22X1)                          0.18       2.69 f
  U177/Q (AO22X1)                          0.18       2.87 f
  U176/Q (AO22X1)                          0.18       3.06 f
  U175/Q (AO22X1)                          0.18       3.24 f
  U174/Q (AO22X1)                          0.18       3.42 f
  U173/Q (AO22X1)                          0.18       3.61 f
  U172/Q (AO22X1)                          0.18       3.79 f
  U171/Q (AO22X1)                          0.18       3.98 f
  U170/Q (AO22X1)                          0.18       4.16 f
  U169/Q (AO22X1)                          0.18       4.34 f
  U168/Q (AO22X1)                          0.18       4.53 f
  U167/Q (AO22X1)                          0.18       4.71 f
  U166/Q (AO22X1)                          0.18       4.89 f
  U165/Q (AO22X1)                          0.18       5.08 f
  U164/Q (AO22X1)                          0.18       5.26 f
  U163/Q (AO22X1)                          0.18       5.45 f
  U162/Q (AO22X1)                          0.18       5.63 f
  U161/Q (AO21X1)                          0.19       5.82 f
  U134/Q (XOR2X1)                          0.24       6.06 f
  sum[25] (out)                            0.22       6.28 f
  data arrival time                                   6.28
  -----------------------------------------------------------
  (Path is unconstrained)


  Startpoint: b[0] (input port)
  Endpoint: sum[24] (output port)
  Path Group: (none)
  Path Type: max

  Des/Clust/Port     Wire Load Model       Library
  ------------------------------------------------
  carry_lookahead_adder
                     8000                  saed90nm_typ_ht

  Point                                    Incr       Path
  -----------------------------------------------------------
  input external delay                     1.00       1.00 r
  b[0] (in)                                0.00       1.00 r
  U186/Q (XOR2X1)                          0.22       1.22 f
  U185/Q (AO22X1)                          0.18       1.40 f
  U184/Q (AO22X1)                          0.18       1.59 f
  U183/Q (AO22X1)                          0.18       1.77 f
  U182/Q (AO22X1)                          0.18       1.95 f
  U181/Q (AO22X1)                          0.18       2.14 f
  U180/Q (AO22X1)                          0.18       2.32 f
  U179/Q (AO22X1)                          0.18       2.51 f
  U178/Q (AO22X1)                          0.18       2.69 f
  U177/Q (AO22X1)                          0.18       2.87 f
  U176/Q (AO22X1)                          0.18       3.06 f
  U175/Q (AO22X1)                          0.18       3.24 f
  U174/Q (AO22X1)                          0.18       3.42 f
  U173/Q (AO22X1)                          0.18       3.61 f
  U172/Q (AO22X1)                          0.18       3.79 f
  U171/Q (AO22X1)                          0.18       3.98 f
  U170/Q (AO22X1)                          0.18       4.16 f
  U169/Q (AO22X1)                          0.18       4.34 f
  U168/Q (AO22X1)                          0.18       4.53 f
  U167/Q (AO22X1)                          0.18       4.71 f
  U166/Q (AO22X1)                          0.18       4.89 f
  U165/Q (AO22X1)                          0.18       5.08 f
  U164/Q (AO22X1)                          0.18       5.26 f
  U163/Q (AO22X1)                          0.18       5.45 f
  U162/Q (AO22X1)                          0.18       5.63 f
  U135/Q (XOR2X1)                          0.24       5.87 f
  sum[24] (out)                            0.22       6.09 f
  data arrival time                                   6.09
  -----------------------------------------------------------
  (Path is unconstrained)


  Startpoint: b[0] (input port)
  Endpoint: sum[23] (output port)
  Path Group: (none)
  Path Type: max

  Des/Clust/Port     Wire Load Model       Library
  ------------------------------------------------
  carry_lookahead_adder
                     8000                  saed90nm_typ_ht

  Point                                    Incr       Path
  -----------------------------------------------------------
  input external delay                     1.00       1.00 r
  b[0] (in)                                0.00       1.00 r
  U186/Q (XOR2X1)                          0.22       1.22 f
  U185/Q (AO22X1)                          0.18       1.40 f
  U184/Q (AO22X1)                          0.18       1.59 f
  U183/Q (AO22X1)                          0.18       1.77 f
  U182/Q (AO22X1)                          0.18       1.95 f
  U181/Q (AO22X1)                          0.18       2.14 f
  U180/Q (AO22X1)                          0.18       2.32 f
  U179/Q (AO22X1)                          0.18       2.51 f
  U178/Q (AO22X1)                          0.18       2.69 f
  U177/Q (AO22X1)                          0.18       2.87 f
  U176/Q (AO22X1)                          0.18       3.06 f
  U175/Q (AO22X1)                          0.18       3.24 f
  U174/Q (AO22X1)                          0.18       3.42 f
  U173/Q (AO22X1)                          0.18       3.61 f
  U172/Q (AO22X1)                          0.18       3.79 f
  U171/Q (AO22X1)                          0.18       3.98 f
  U170/Q (AO22X1)                          0.18       4.16 f
  U169/Q (AO22X1)                          0.18       4.34 f
  U168/Q (AO22X1)                          0.18       4.53 f
  U167/Q (AO22X1)                          0.18       4.71 f
  U166/Q (AO22X1)                          0.18       4.89 f
  U165/Q (AO22X1)                          0.18       5.08 f
  U164/Q (AO22X1)                          0.18       5.26 f
  U163/Q (AO22X1)                          0.18       5.45 f
  U136/Q (XOR2X1)                          0.24       5.69 f
  sum[23] (out)                            0.22       5.90 f
  data arrival time                                   5.90
  -----------------------------------------------------------
  (Path is unconstrained)


  Startpoint: b[0] (input port)
  Endpoint: sum[22] (output port)
  Path Group: (none)
  Path Type: max

  Des/Clust/Port     Wire Load Model       Library
  ------------------------------------------------
  carry_lookahead_adder
                     8000                  saed90nm_typ_ht

  Point                                    Incr       Path
  -----------------------------------------------------------
  input external delay                     1.00       1.00 r
  b[0] (in)                                0.00       1.00 r
  U186/Q (XOR2X1)                          0.22       1.22 f
  U185/Q (AO22X1)                          0.18       1.40 f
  U184/Q (AO22X1)                          0.18       1.59 f
  U183/Q (AO22X1)                          0.18       1.77 f
  U182/Q (AO22X1)                          0.18       1.95 f
  U181/Q (AO22X1)                          0.18       2.14 f
  U180/Q (AO22X1)                          0.18       2.32 f
  U179/Q (AO22X1)                          0.18       2.51 f
  U178/Q (AO22X1)                          0.18       2.69 f
  U177/Q (AO22X1)                          0.18       2.87 f
  U176/Q (AO22X1)                          0.18       3.06 f
  U175/Q (AO22X1)                          0.18       3.24 f
  U174/Q (AO22X1)                          0.18       3.42 f
  U173/Q (AO22X1)                          0.18       3.61 f
  U172/Q (AO22X1)                          0.18       3.79 f
  U171/Q (AO22X1)                          0.18       3.98 f
  U170/Q (AO22X1)                          0.18       4.16 f
  U169/Q (AO22X1)                          0.18       4.34 f
  U168/Q (AO22X1)                          0.18       4.53 f
  U167/Q (AO22X1)                          0.18       4.71 f
  U166/Q (AO22X1)                          0.18       4.89 f
  U165/Q (AO22X1)                          0.18       5.08 f
  U164/Q (AO22X1)                          0.18       5.26 f
  U137/Q (XOR2X1)                          0.24       5.50 f
  sum[22] (out)                            0.22       5.72 f
  data arrival time                                   5.72
  -----------------------------------------------------------
  (Path is unconstrained)


  Startpoint: b[0] (input port)
  Endpoint: sum[21] (output port)
  Path Group: (none)
  Path Type: max

  Des/Clust/Port     Wire Load Model       Library
  ------------------------------------------------
  carry_lookahead_adder
                     8000                  saed90nm_typ_ht

  Point                                    Incr       Path
  -----------------------------------------------------------
  input external delay                     1.00       1.00 r
  b[0] (in)                                0.00       1.00 r
  U186/Q (XOR2X1)                          0.22       1.22 f
  U185/Q (AO22X1)                          0.18       1.40 f
  U184/Q (AO22X1)                          0.18       1.59 f
  U183/Q (AO22X1)                          0.18       1.77 f
  U182/Q (AO22X1)                          0.18       1.95 f
  U181/Q (AO22X1)                          0.18       2.14 f
  U180/Q (AO22X1)                          0.18       2.32 f
  U179/Q (AO22X1)                          0.18       2.51 f
  U178/Q (AO22X1)                          0.18       2.69 f
  U177/Q (AO22X1)                          0.18       2.87 f
  U176/Q (AO22X1)                          0.18       3.06 f
  U175/Q (AO22X1)                          0.18       3.24 f
  U174/Q (AO22X1)                          0.18       3.42 f
  U173/Q (AO22X1)                          0.18       3.61 f
  U172/Q (AO22X1)                          0.18       3.79 f
  U171/Q (AO22X1)                          0.18       3.98 f
  U170/Q (AO22X1)                          0.18       4.16 f
  U169/Q (AO22X1)                          0.18       4.34 f
  U168/Q (AO22X1)                          0.18       4.53 f
  U167/Q (AO22X1)                          0.18       4.71 f
  U166/Q (AO22X1)                          0.18       4.89 f
  U165/Q (AO22X1)                          0.18       5.08 f
  U138/Q (XOR2X1)                          0.24       5.32 f
  sum[21] (out)                            0.22       5.54 f
  data arrival time                                   5.54
  -----------------------------------------------------------
  (Path is unconstrained)


  Startpoint: b[0] (input port)
  Endpoint: sum[20] (output port)
  Path Group: (none)
  Path Type: max

  Des/Clust/Port     Wire Load Model       Library
  ------------------------------------------------
  carry_lookahead_adder
                     8000                  saed90nm_typ_ht

  Point                                    Incr       Path
  -----------------------------------------------------------
  input external delay                     1.00       1.00 r
  b[0] (in)                                0.00       1.00 r
  U186/Q (XOR2X1)                          0.22       1.22 f
  U185/Q (AO22X1)                          0.18       1.40 f
  U184/Q (AO22X1)                          0.18       1.59 f
  U183/Q (AO22X1)                          0.18       1.77 f
  U182/Q (AO22X1)                          0.18       1.95 f
  U181/Q (AO22X1)                          0.18       2.14 f
  U180/Q (AO22X1)                          0.18       2.32 f
  U179/Q (AO22X1)                          0.18       2.51 f
  U178/Q (AO22X1)                          0.18       2.69 f
  U177/Q (AO22X1)                          0.18       2.87 f
  U176/Q (AO22X1)                          0.18       3.06 f
  U175/Q (AO22X1)                          0.18       3.24 f
  U174/Q (AO22X1)                          0.18       3.42 f
  U173/Q (AO22X1)                          0.18       3.61 f
  U172/Q (AO22X1)                          0.18       3.79 f
  U171/Q (AO22X1)                          0.18       3.98 f
  U170/Q (AO22X1)                          0.18       4.16 f
  U169/Q (AO22X1)                          0.18       4.34 f
  U168/Q (AO22X1)                          0.18       4.53 f
  U167/Q (AO22X1)                          0.18       4.71 f
  U166/Q (AO22X1)                          0.18       4.89 f
  U139/Q (XOR2X1)                          0.24       5.13 f
  sum[20] (out)                            0.22       5.35 f
  data arrival time                                   5.35
  -----------------------------------------------------------
  (Path is unconstrained)


  Startpoint: b[0] (input port)
  Endpoint: sum[19] (output port)
  Path Group: (none)
  Path Type: max

  Des/Clust/Port     Wire Load Model       Library
  ------------------------------------------------
  carry_lookahead_adder
                     8000                  saed90nm_typ_ht

  Point                                    Incr       Path
  -----------------------------------------------------------
  input external delay                     1.00       1.00 r
  b[0] (in)                                0.00       1.00 r
  U186/Q (XOR2X1)                          0.22       1.22 f
  U185/Q (AO22X1)                          0.18       1.40 f
  U184/Q (AO22X1)                          0.18       1.59 f
  U183/Q (AO22X1)                          0.18       1.77 f
  U182/Q (AO22X1)                          0.18       1.95 f
  U181/Q (AO22X1)                          0.18       2.14 f
  U180/Q (AO22X1)                          0.18       2.32 f
  U179/Q (AO22X1)                          0.18       2.51 f
  U178/Q (AO22X1)                          0.18       2.69 f
  U177/Q (AO22X1)                          0.18       2.87 f
  U176/Q (AO22X1)                          0.18       3.06 f
  U175/Q (AO22X1)                          0.18       3.24 f
  U174/Q (AO22X1)                          0.18       3.42 f
  U173/Q (AO22X1)                          0.18       3.61 f
  U172/Q (AO22X1)                          0.18       3.79 f
  U171/Q (AO22X1)                          0.18       3.98 f
  U170/Q (AO22X1)                          0.18       4.16 f
  U169/Q (AO22X1)                          0.18       4.34 f
  U168/Q (AO22X1)                          0.18       4.53 f
  U167/Q (AO22X1)                          0.18       4.71 f
  U141/Q (XOR2X1)                          0.24       4.95 f
  sum[19] (out)                            0.22       5.17 f
  data arrival time                                   5.17
  -----------------------------------------------------------
  (Path is unconstrained)


  Startpoint: b[0] (input port)
  Endpoint: sum[18] (output port)
  Path Group: (none)
  Path Type: max

  Des/Clust/Port     Wire Load Model       Library
  ------------------------------------------------
  carry_lookahead_adder
                     8000                  saed90nm_typ_ht

  Point                                    Incr       Path
  -----------------------------------------------------------
  input external delay                     1.00       1.00 r
  b[0] (in)                                0.00       1.00 r
  U186/Q (XOR2X1)                          0.22       1.22 f
  U185/Q (AO22X1)                          0.18       1.40 f
  U184/Q (AO22X1)                          0.18       1.59 f
  U183/Q (AO22X1)                          0.18       1.77 f
  U182/Q (AO22X1)                          0.18       1.95 f
  U181/Q (AO22X1)                          0.18       2.14 f
  U180/Q (AO22X1)                          0.18       2.32 f
  U179/Q (AO22X1)                          0.18       2.51 f
  U178/Q (AO22X1)                          0.18       2.69 f
  U177/Q (AO22X1)                          0.18       2.87 f
  U176/Q (AO22X1)                          0.18       3.06 f
  U175/Q (AO22X1)                          0.18       3.24 f
  U174/Q (AO22X1)                          0.18       3.42 f
  U173/Q (AO22X1)                          0.18       3.61 f
  U172/Q (AO22X1)                          0.18       3.79 f
  U171/Q (AO22X1)                          0.18       3.98 f
  U170/Q (AO22X1)                          0.18       4.16 f
  U169/Q (AO22X1)                          0.18       4.34 f
  U168/Q (AO22X1)                          0.18       4.53 f
  U142/Q (XOR2X1)                          0.24       4.77 f
  sum[18] (out)                            0.22       4.99 f
  data arrival time                                   4.99
  -----------------------------------------------------------
  (Path is unconstrained)


  Startpoint: b[0] (input port)
  Endpoint: sum[17] (output port)
  Path Group: (none)
  Path Type: max

  Des/Clust/Port     Wire Load Model       Library
  ------------------------------------------------
  carry_lookahead_adder
                     8000                  saed90nm_typ_ht

  Point                                    Incr       Path
  -----------------------------------------------------------
  input external delay                     1.00       1.00 r
  b[0] (in)                                0.00       1.00 r
  U186/Q (XOR2X1)                          0.22       1.22 f
  U185/Q (AO22X1)                          0.18       1.40 f
  U184/Q (AO22X1)                          0.18       1.59 f
  U183/Q (AO22X1)                          0.18       1.77 f
  U182/Q (AO22X1)                          0.18       1.95 f
  U181/Q (AO22X1)                          0.18       2.14 f
  U180/Q (AO22X1)                          0.18       2.32 f
  U179/Q (AO22X1)                          0.18       2.51 f
  U178/Q (AO22X1)                          0.18       2.69 f
  U177/Q (AO22X1)                          0.18       2.87 f
  U176/Q (AO22X1)                          0.18       3.06 f
  U175/Q (AO22X1)                          0.18       3.24 f
  U174/Q (AO22X1)                          0.18       3.42 f
  U173/Q (AO22X1)                          0.18       3.61 f
  U172/Q (AO22X1)                          0.18       3.79 f
  U171/Q (AO22X1)                          0.18       3.98 f
  U170/Q (AO22X1)                          0.18       4.16 f
  U169/Q (AO22X1)                          0.18       4.34 f
  U143/Q (XOR2X1)                          0.24       4.58 f
  sum[17] (out)                            0.22       4.80 f
  data arrival time                                   4.80
  -----------------------------------------------------------
  (Path is unconstrained)


  Startpoint: b[0] (input port)
  Endpoint: sum[16] (output port)
  Path Group: (none)
  Path Type: max

  Des/Clust/Port     Wire Load Model       Library
  ------------------------------------------------
  carry_lookahead_adder
                     8000                  saed90nm_typ_ht

  Point                                    Incr       Path
  -----------------------------------------------------------
  input external delay                     1.00       1.00 r
  b[0] (in)                                0.00       1.00 r
  U186/Q (XOR2X1)                          0.22       1.22 f
  U185/Q (AO22X1)                          0.18       1.40 f
  U184/Q (AO22X1)                          0.18       1.59 f
  U183/Q (AO22X1)                          0.18       1.77 f
  U182/Q (AO22X1)                          0.18       1.95 f
  U181/Q (AO22X1)                          0.18       2.14 f
  U180/Q (AO22X1)                          0.18       2.32 f
  U179/Q (AO22X1)                          0.18       2.51 f
  U178/Q (AO22X1)                          0.18       2.69 f
  U177/Q (AO22X1)                          0.18       2.87 f
  U176/Q (AO22X1)                          0.18       3.06 f
  U175/Q (AO22X1)                          0.18       3.24 f
  U174/Q (AO22X1)                          0.18       3.42 f
  U173/Q (AO22X1)                          0.18       3.61 f
  U172/Q (AO22X1)                          0.18       3.79 f
  U171/Q (AO22X1)                          0.18       3.98 f
  U170/Q (AO22X1)                          0.18       4.16 f
  U144/Q (XOR2X1)                          0.24       4.40 f
  sum[16] (out)                            0.22       4.62 f
  data arrival time                                   4.62
  -----------------------------------------------------------
  (Path is unconstrained)


  Startpoint: b[0] (input port)
  Endpoint: sum[15] (output port)
  Path Group: (none)
  Path Type: max

  Des/Clust/Port     Wire Load Model       Library
  ------------------------------------------------
  carry_lookahead_adder
                     8000                  saed90nm_typ_ht

  Point                                    Incr       Path
  -----------------------------------------------------------
  input external delay                     1.00       1.00 r
  b[0] (in)                                0.00       1.00 r
  U186/Q (XOR2X1)                          0.22       1.22 f
  U185/Q (AO22X1)                          0.18       1.40 f
  U184/Q (AO22X1)                          0.18       1.59 f
  U183/Q (AO22X1)                          0.18       1.77 f
  U182/Q (AO22X1)                          0.18       1.95 f
  U181/Q (AO22X1)                          0.18       2.14 f
  U180/Q (AO22X1)                          0.18       2.32 f
  U179/Q (AO22X1)                          0.18       2.51 f
  U178/Q (AO22X1)                          0.18       2.69 f
  U177/Q (AO22X1)                          0.18       2.87 f
  U176/Q (AO22X1)                          0.18       3.06 f
  U175/Q (AO22X1)                          0.18       3.24 f
  U174/Q (AO22X1)                          0.18       3.42 f
  U173/Q (AO22X1)                          0.18       3.61 f
  U172/Q (AO22X1)                          0.18       3.79 f
  U171/Q (AO22X1)                          0.18       3.98 f
  U145/Q (XOR2X1)                          0.24       4.22 f
  sum[15] (out)                            0.22       4.43 f
  data arrival time                                   4.43
  -----------------------------------------------------------
  (Path is unconstrained)


  Startpoint: b[0] (input port)
  Endpoint: sum[14] (output port)
  Path Group: (none)
  Path Type: max

  Des/Clust/Port     Wire Load Model       Library
  ------------------------------------------------
  carry_lookahead_adder
                     8000                  saed90nm_typ_ht

  Point                                    Incr       Path
  -----------------------------------------------------------
  input external delay                     1.00       1.00 r
  b[0] (in)                                0.00       1.00 r
  U186/Q (XOR2X1)                          0.22       1.22 f
  U185/Q (AO22X1)                          0.18       1.40 f
  U184/Q (AO22X1)                          0.18       1.59 f
  U183/Q (AO22X1)                          0.18       1.77 f
  U182/Q (AO22X1)                          0.18       1.95 f
  U181/Q (AO22X1)                          0.18       2.14 f
  U180/Q (AO22X1)                          0.18       2.32 f
  U179/Q (AO22X1)                          0.18       2.51 f
  U178/Q (AO22X1)                          0.18       2.69 f
  U177/Q (AO22X1)                          0.18       2.87 f
  U176/Q (AO22X1)                          0.18       3.06 f
  U175/Q (AO22X1)                          0.18       3.24 f
  U174/Q (AO22X1)                          0.18       3.42 f
  U173/Q (AO22X1)                          0.18       3.61 f
  U172/Q (AO22X1)                          0.18       3.79 f
  U146/Q (XOR2X1)                          0.24       4.03 f
  sum[14] (out)                            0.22       4.25 f
  data arrival time                                   4.25
  -----------------------------------------------------------
  (Path is unconstrained)


  Startpoint: b[0] (input port)
  Endpoint: sum[13] (output port)
  Path Group: (none)
  Path Type: max

  Des/Clust/Port     Wire Load Model       Library
  ------------------------------------------------
  carry_lookahead_adder
                     8000                  saed90nm_typ_ht

  Point                                    Incr       Path
  -----------------------------------------------------------
  input external delay                     1.00       1.00 r
  b[0] (in)                                0.00       1.00 r
  U186/Q (XOR2X1)                          0.22       1.22 f
  U185/Q (AO22X1)                          0.18       1.40 f
  U184/Q (AO22X1)                          0.18       1.59 f
  U183/Q (AO22X1)                          0.18       1.77 f
  U182/Q (AO22X1)                          0.18       1.95 f
  U181/Q (AO22X1)                          0.18       2.14 f
  U180/Q (AO22X1)                          0.18       2.32 f
  U179/Q (AO22X1)                          0.18       2.51 f
  U178/Q (AO22X1)                          0.18       2.69 f
  U177/Q (AO22X1)                          0.18       2.87 f
  U176/Q (AO22X1)                          0.18       3.06 f
  U175/Q (AO22X1)                          0.18       3.24 f
  U174/Q (AO22X1)                          0.18       3.42 f
  U173/Q (AO22X1)                          0.18       3.61 f
  U147/Q (XOR2X1)                          0.24       3.85 f
  sum[13] (out)                            0.22       4.07 f
  data arrival time                                   4.07
  -----------------------------------------------------------
  (Path is unconstrained)


  Startpoint: b[0] (input port)
  Endpoint: sum[12] (output port)
  Path Group: (none)
  Path Type: max

  Des/Clust/Port     Wire Load Model       Library
  ------------------------------------------------
  carry_lookahead_adder
                     8000                  saed90nm_typ_ht

  Point                                    Incr       Path
  -----------------------------------------------------------
  input external delay                     1.00       1.00 r
  b[0] (in)                                0.00       1.00 r
  U186/Q (XOR2X1)                          0.22       1.22 f
  U185/Q (AO22X1)                          0.18       1.40 f
  U184/Q (AO22X1)                          0.18       1.59 f
  U183/Q (AO22X1)                          0.18       1.77 f
  U182/Q (AO22X1)                          0.18       1.95 f
  U181/Q (AO22X1)                          0.18       2.14 f
  U180/Q (AO22X1)                          0.18       2.32 f
  U179/Q (AO22X1)                          0.18       2.51 f
  U178/Q (AO22X1)                          0.18       2.69 f
  U177/Q (AO22X1)                          0.18       2.87 f
  U176/Q (AO22X1)                          0.18       3.06 f
  U175/Q (AO22X1)                          0.18       3.24 f
  U174/Q (AO22X1)                          0.18       3.42 f
  U148/Q (XOR2X1)                          0.24       3.66 f
  sum[12] (out)                            0.22       3.88 f
  data arrival time                                   3.88
  -----------------------------------------------------------
  (Path is unconstrained)


  Startpoint: b[0] (input port)
  Endpoint: sum[11] (output port)
  Path Group: (none)
  Path Type: max

  Des/Clust/Port     Wire Load Model       Library
  ------------------------------------------------
  carry_lookahead_adder
                     8000                  saed90nm_typ_ht

  Point                                    Incr       Path
  -----------------------------------------------------------
  input external delay                     1.00       1.00 r
  b[0] (in)                                0.00       1.00 r
  U186/Q (XOR2X1)                          0.22       1.22 f
  U185/Q (AO22X1)                          0.18       1.40 f
  U184/Q (AO22X1)                          0.18       1.59 f
  U183/Q (AO22X1)                          0.18       1.77 f
  U182/Q (AO22X1)                          0.18       1.95 f
  U181/Q (AO22X1)                          0.18       2.14 f
  U180/Q (AO22X1)                          0.18       2.32 f
  U179/Q (AO22X1)                          0.18       2.51 f
  U178/Q (AO22X1)                          0.18       2.69 f
  U177/Q (AO22X1)                          0.18       2.87 f
  U176/Q (AO22X1)                          0.18       3.06 f
  U175/Q (AO22X1)                          0.18       3.24 f
  U149/Q (XOR2X1)                          0.24       3.48 f
  sum[11] (out)                            0.22       3.70 f
  data arrival time                                   3.70
  -----------------------------------------------------------
  (Path is unconstrained)


  Startpoint: b[0] (input port)
  Endpoint: sum[10] (output port)
  Path Group: (none)
  Path Type: max

  Des/Clust/Port     Wire Load Model       Library
  ------------------------------------------------
  carry_lookahead_adder
                     8000                  saed90nm_typ_ht

  Point                                    Incr       Path
  -----------------------------------------------------------
  input external delay                     1.00       1.00 r
  b[0] (in)                                0.00       1.00 r
  U186/Q (XOR2X1)                          0.22       1.22 f
  U185/Q (AO22X1)                          0.18       1.40 f
  U184/Q (AO22X1)                          0.18       1.59 f
  U183/Q (AO22X1)                          0.18       1.77 f
  U182/Q (AO22X1)                          0.18       1.95 f
  U181/Q (AO22X1)                          0.18       2.14 f
  U180/Q (AO22X1)                          0.18       2.32 f
  U179/Q (AO22X1)                          0.18       2.51 f
  U178/Q (AO22X1)                          0.18       2.69 f
  U177/Q (AO22X1)                          0.18       2.87 f
  U176/Q (AO22X1)                          0.18       3.06 f
  U150/Q (XOR2X1)                          0.24       3.30 f
  sum[10] (out)                            0.22       3.52 f
  data arrival time                                   3.52
  -----------------------------------------------------------
  (Path is unconstrained)


  Startpoint: b[0] (input port)
  Endpoint: sum[9] (output port)
  Path Group: (none)
  Path Type: max

  Des/Clust/Port     Wire Load Model       Library
  ------------------------------------------------
  carry_lookahead_adder
                     8000                  saed90nm_typ_ht

  Point                                    Incr       Path
  -----------------------------------------------------------
  input external delay                     1.00       1.00 r
  b[0] (in)                                0.00       1.00 r
  U186/Q (XOR2X1)                          0.22       1.22 f
  U185/Q (AO22X1)                          0.18       1.40 f
  U184/Q (AO22X1)                          0.18       1.59 f
  U183/Q (AO22X1)                          0.18       1.77 f
  U182/Q (AO22X1)                          0.18       1.95 f
  U181/Q (AO22X1)                          0.18       2.14 f
  U180/Q (AO22X1)                          0.18       2.32 f
  U179/Q (AO22X1)                          0.18       2.51 f
  U178/Q (AO22X1)                          0.18       2.69 f
  U177/Q (AO22X1)                          0.18       2.87 f
  U120/Q (XOR2X1)                          0.24       3.11 f
  sum[9] (out)                             0.22       3.33 f
  data arrival time                                   3.33
  -----------------------------------------------------------
  (Path is unconstrained)


  Startpoint: b[0] (input port)
  Endpoint: sum[8] (output port)
  Path Group: (none)
  Path Type: max

  Des/Clust/Port     Wire Load Model       Library
  ------------------------------------------------
  carry_lookahead_adder
                     8000                  saed90nm_typ_ht

  Point                                    Incr       Path
  -----------------------------------------------------------
  input external delay                     1.00       1.00 r
  b[0] (in)                                0.00       1.00 r
  U186/Q (XOR2X1)                          0.22       1.22 f
  U185/Q (AO22X1)                          0.18       1.40 f
  U184/Q (AO22X1)                          0.18       1.59 f
  U183/Q (AO22X1)                          0.18       1.77 f
  U182/Q (AO22X1)                          0.18       1.95 f
  U181/Q (AO22X1)                          0.18       2.14 f
  U180/Q (AO22X1)                          0.18       2.32 f
  U179/Q (AO22X1)                          0.18       2.51 f
  U178/Q (AO22X1)                          0.18       2.69 f
  U121/Q (XOR2X1)                          0.24       2.93 f
  sum[8] (out)                             0.22       3.15 f
  data arrival time                                   3.15
  -----------------------------------------------------------
  (Path is unconstrained)


  Startpoint: b[0] (input port)
  Endpoint: sum[7] (output port)
  Path Group: (none)
  Path Type: max

  Des/Clust/Port     Wire Load Model       Library
  ------------------------------------------------
  carry_lookahead_adder
                     8000                  saed90nm_typ_ht

  Point                                    Incr       Path
  -----------------------------------------------------------
  input external delay                     1.00       1.00 r
  b[0] (in)                                0.00       1.00 r
  U186/Q (XOR2X1)                          0.22       1.22 f
  U185/Q (AO22X1)                          0.18       1.40 f
  U184/Q (AO22X1)                          0.18       1.59 f
  U183/Q (AO22X1)                          0.18       1.77 f
  U182/Q (AO22X1)                          0.18       1.95 f
  U181/Q (AO22X1)                          0.18       2.14 f
  U180/Q (AO22X1)                          0.18       2.32 f
  U179/Q (AO22X1)                          0.18       2.51 f
  U122/Q (XOR2X1)                          0.24       2.75 f
  sum[7] (out)                             0.22       2.96 f
  data arrival time                                   2.96
  -----------------------------------------------------------
  (Path is unconstrained)


  Startpoint: b[0] (input port)
  Endpoint: sum[6] (output port)
  Path Group: (none)
  Path Type: max

  Des/Clust/Port     Wire Load Model       Library
  ------------------------------------------------
  carry_lookahead_adder
                     8000                  saed90nm_typ_ht

  Point                                    Incr       Path
  -----------------------------------------------------------
  input external delay                     1.00       1.00 r
  b[0] (in)                                0.00       1.00 r
  U186/Q (XOR2X1)                          0.22       1.22 f
  U185/Q (AO22X1)                          0.18       1.40 f
  U184/Q (AO22X1)                          0.18       1.59 f
  U183/Q (AO22X1)                          0.18       1.77 f
  U182/Q (AO22X1)                          0.18       1.95 f
  U181/Q (AO22X1)                          0.18       2.14 f
  U180/Q (AO22X1)                          0.18       2.32 f
  U123/Q (XOR2X1)                          0.24       2.56 f
  sum[6] (out)                             0.22       2.78 f
  data arrival time                                   2.78
  -----------------------------------------------------------
  (Path is unconstrained)


  Startpoint: b[0] (input port)
  Endpoint: sum[5] (output port)
  Path Group: (none)
  Path Type: max

  Des/Clust/Port     Wire Load Model       Library
  ------------------------------------------------
  carry_lookahead_adder
                     8000                  saed90nm_typ_ht

  Point                                    Incr       Path
  -----------------------------------------------------------
  input external delay                     1.00       1.00 r
  b[0] (in)                                0.00       1.00 r
  U186/Q (XOR2X1)                          0.22       1.22 f
  U185/Q (AO22X1)                          0.18       1.40 f
  U184/Q (AO22X1)                          0.18       1.59 f
  U183/Q (AO22X1)                          0.18       1.77 f
  U182/Q (AO22X1)                          0.18       1.95 f
  U181/Q (AO22X1)                          0.18       2.14 f
  U124/Q (XOR2X1)                          0.24       2.38 f
  sum[5] (out)                             0.22       2.60 f
  data arrival time                                   2.60
  -----------------------------------------------------------
  (Path is unconstrained)


  Startpoint: b[0] (input port)
  Endpoint: sum[4] (output port)
  Path Group: (none)
  Path Type: max

  Des/Clust/Port     Wire Load Model       Library
  ------------------------------------------------
  carry_lookahead_adder
                     8000                  saed90nm_typ_ht

  Point                                    Incr       Path
  -----------------------------------------------------------
  input external delay                     1.00       1.00 r
  b[0] (in)                                0.00       1.00 r
  U186/Q (XOR2X1)                          0.22       1.22 f
  U185/Q (AO22X1)                          0.18       1.40 f
  U184/Q (AO22X1)                          0.18       1.59 f
  U183/Q (AO22X1)                          0.18       1.77 f
  U182/Q (AO22X1)                          0.18       1.95 f
  U125/Q (XOR2X1)                          0.24       2.19 f
  sum[4] (out)                             0.22       2.41 f
  data arrival time                                   2.41
  -----------------------------------------------------------
  (Path is unconstrained)


  Startpoint: b[0] (input port)
  Endpoint: sum[3] (output port)
  Path Group: (none)
  Path Type: max

  Des/Clust/Port     Wire Load Model       Library
  ------------------------------------------------
  carry_lookahead_adder
                     8000                  saed90nm_typ_ht

  Point                                    Incr       Path
  -----------------------------------------------------------
  input external delay                     1.00       1.00 r
  b[0] (in)                                0.00       1.00 r
  U186/Q (XOR2X1)                          0.22       1.22 f
  U185/Q (AO22X1)                          0.18       1.40 f
  U184/Q (AO22X1)                          0.18       1.59 f
  U183/Q (AO22X1)                          0.18       1.77 f
  U126/Q (XOR2X1)                          0.24       2.01 f
  sum[3] (out)                             0.22       2.23 f
  data arrival time                                   2.23
  -----------------------------------------------------------
  (Path is unconstrained)


  Startpoint: b[0] (input port)
  Endpoint: sum[2] (output port)
  Path Group: (none)
  Path Type: max

  Des/Clust/Port     Wire Load Model       Library
  ------------------------------------------------
  carry_lookahead_adder
                     8000                  saed90nm_typ_ht

  Point                                    Incr       Path
  -----------------------------------------------------------
  input external delay                     1.00       1.00 r
  b[0] (in)                                0.00       1.00 r
  U186/Q (XOR2X1)                          0.22       1.22 f
  U185/Q (AO22X1)                          0.18       1.40 f
  U184/Q (AO22X1)                          0.18       1.59 f
  U129/Q (XOR2X1)                          0.24       1.83 f
  sum[2] (out)                             0.22       2.05 f
  data arrival time                                   2.05
  -----------------------------------------------------------
  (Path is unconstrained)


  Startpoint: b[0] (input port)
  Endpoint: sum[1] (output port)
  Path Group: (none)
  Path Type: max

  Des/Clust/Port     Wire Load Model       Library
  ------------------------------------------------
  carry_lookahead_adder
                     8000                  saed90nm_typ_ht

  Point                                    Incr       Path
  -----------------------------------------------------------
  input external delay                     1.00       1.00 r
  b[0] (in)                                0.00       1.00 r
  U186/Q (XOR2X1)                          0.22       1.22 f
  U185/Q (AO22X1)                          0.18       1.40 f
  U140/Q (XOR2X1)                          0.24       1.64 f
  sum[1] (out)                             0.22       1.86 f
  data arrival time                                   1.86
  -----------------------------------------------------------
  (Path is unconstrained)


  Startpoint: b[0] (input port)
  Endpoint: sum[0] (output port)
  Path Group: (none)
  Path Type: max

  Des/Clust/Port     Wire Load Model       Library
  ------------------------------------------------
  carry_lookahead_adder
                     8000                  saed90nm_typ_ht

  Point                                    Incr       Path
  -----------------------------------------------------------
  input external delay                     1.00       1.00 r
  b[0] (in)                                0.00       1.00 r
  U186/Q (XOR2X1)                          0.22       1.22 f
  U151/Q (XOR2X1)                          0.24       1.46 f
  sum[0] (out)                             0.22       1.68 f
  data arrival time                                   1.68
  -----------------------------------------------------------
  (Path is unconstrained)


1
