 
****************************************
Report : cell
Design : carry_lookahead_adder
Version: U-2022.12-SP7
Date   : Tue Dec 12 16:31:47 2023
****************************************

Attributes:
    b - black box (unknown)
    h - hierarchical
    n - noncombinational
    r - removable
    u - contains unmapped logic

Cell                      Reference       Library             Area  Attributes
--------------------------------------------------------------------------------
U120                      XOR2X1          saed90nm_typ_ht 13.824000 
U121                      XOR2X1          saed90nm_typ_ht 13.824000 
U122                      XOR2X1          saed90nm_typ_ht 13.824000 
U123                      XOR2X1          saed90nm_typ_ht 13.824000 
U124                      XOR2X1          saed90nm_typ_ht 13.824000 
U125                      XOR2X1          saed90nm_typ_ht 13.824000 
U126                      XOR2X1          saed90nm_typ_ht 13.824000 
U127                      XOR2X1          saed90nm_typ_ht 13.824000 
U128                      XOR2X1          saed90nm_typ_ht 13.824000 
U129                      XOR2X1          saed90nm_typ_ht 13.824000 
U130                      XOR2X1          saed90nm_typ_ht 13.824000 
U131                      XOR2X1          saed90nm_typ_ht 13.824000 
U132                      XOR2X1          saed90nm_typ_ht 13.824000 
U133                      XOR2X1          saed90nm_typ_ht 13.824000 
U134                      XOR2X1          saed90nm_typ_ht 13.824000 
U135                      XOR2X1          saed90nm_typ_ht 13.824000 
U136                      XOR2X1          saed90nm_typ_ht 13.824000 
U137                      XOR2X1          saed90nm_typ_ht 13.824000 
U138                      XOR2X1          saed90nm_typ_ht 13.824000 
U139                      XOR2X1          saed90nm_typ_ht 13.824000 
U140                      XOR2X1          saed90nm_typ_ht 13.824000 
U141                      XOR2X1          saed90nm_typ_ht 13.824000 
U142                      XOR2X1          saed90nm_typ_ht 13.824000 
U143                      XOR2X1          saed90nm_typ_ht 13.824000 
U144                      XOR2X1          saed90nm_typ_ht 13.824000 
U145                      XOR2X1          saed90nm_typ_ht 13.824000 
U146                      XOR2X1          saed90nm_typ_ht 13.824000 
U147                      XOR2X1          saed90nm_typ_ht 13.824000 
U148                      XOR2X1          saed90nm_typ_ht 13.824000 
U149                      XOR2X1          saed90nm_typ_ht 13.824000 
U150                      XOR2X1          saed90nm_typ_ht 13.824000 
U151                      XOR2X1          saed90nm_typ_ht 13.824000 
U152                      NOR2X0          saed90nm_typ_ht 5.529600  
U153                      XNOR2X1         saed90nm_typ_ht 13.824000 
U154                      AO22X1          saed90nm_typ_ht 11.980800 
U155                      AO21X1          saed90nm_typ_ht 10.137600 
U156                      AO22X1          saed90nm_typ_ht 11.980800 
U157                      AO22X1          saed90nm_typ_ht 11.980800 
U158                      AO22X1          saed90nm_typ_ht 11.980800 
U159                      AO21X1          saed90nm_typ_ht 10.137600 
U160                      AO21X1          saed90nm_typ_ht 10.137600 
U161                      AO21X1          saed90nm_typ_ht 10.137600 
U162                      AO22X1          saed90nm_typ_ht 11.980800 
U163                      AO22X1          saed90nm_typ_ht 11.980800 
U164                      AO22X1          saed90nm_typ_ht 11.980800 
U165                      AO22X1          saed90nm_typ_ht 11.980800 
U166                      AO22X1          saed90nm_typ_ht 11.980800 
U167                      AO22X1          saed90nm_typ_ht 11.980800 
U168                      AO22X1          saed90nm_typ_ht 11.980800 
U169                      AO22X1          saed90nm_typ_ht 11.980800 
U170                      AO22X1          saed90nm_typ_ht 11.980800 
U171                      AO22X1          saed90nm_typ_ht 11.980800 
U172                      AO22X1          saed90nm_typ_ht 11.980800 
U173                      AO22X1          saed90nm_typ_ht 11.980800 
U174                      AO22X1          saed90nm_typ_ht 11.980800 
U175                      AO22X1          saed90nm_typ_ht 11.980800 
U176                      AO22X1          saed90nm_typ_ht 11.980800 
U177                      AO22X1          saed90nm_typ_ht 11.980800 
U178                      AO22X1          saed90nm_typ_ht 11.980800 
U179                      AO22X1          saed90nm_typ_ht 11.980800 
U180                      AO22X1          saed90nm_typ_ht 11.980800 
U181                      AO22X1          saed90nm_typ_ht 11.980800 
U182                      AO22X1          saed90nm_typ_ht 11.980800 
U183                      AO22X1          saed90nm_typ_ht 11.980800 
U184                      AO22X1          saed90nm_typ_ht 11.980800 
U185                      AO22X1          saed90nm_typ_ht 11.980800 
U186                      XOR2X1          saed90nm_typ_ht 13.824000 
U187                      XOR2X1          saed90nm_typ_ht 13.824000 
U188                      XOR2X1          saed90nm_typ_ht 13.824000 
U189                      XOR2X1          saed90nm_typ_ht 13.824000 
U190                      XOR2X1          saed90nm_typ_ht 13.824000 
U191                      XOR2X1          saed90nm_typ_ht 13.824000 
U192                      XOR2X1          saed90nm_typ_ht 13.824000 
U193                      XOR2X1          saed90nm_typ_ht 13.824000 
U194                      XOR2X1          saed90nm_typ_ht 13.824000 
U195                      XOR2X1          saed90nm_typ_ht 13.824000 
U196                      XOR2X1          saed90nm_typ_ht 13.824000 
U197                      XOR2X1          saed90nm_typ_ht 13.824000 
U198                      XOR2X1          saed90nm_typ_ht 13.824000 
U199                      XOR2X1          saed90nm_typ_ht 13.824000 
U200                      XOR2X1          saed90nm_typ_ht 13.824000 
U201                      XOR2X1          saed90nm_typ_ht 13.824000 
U202                      XOR2X1          saed90nm_typ_ht 13.824000 
U203                      XOR2X1          saed90nm_typ_ht 13.824000 
U204                      XOR2X1          saed90nm_typ_ht 13.824000 
U205                      XOR2X1          saed90nm_typ_ht 13.824000 
U206                      XOR2X1          saed90nm_typ_ht 13.824000 
U207                      XOR2X1          saed90nm_typ_ht 13.824000 
U208                      XOR2X1          saed90nm_typ_ht 13.824000 
U209                      XOR2X1          saed90nm_typ_ht 13.824000 
U210                      AOI21X1         saed90nm_typ_ht 11.980800 
U211                      NOR2X0          saed90nm_typ_ht 5.529600  
U212                      INVX0           saed90nm_typ_ht 5.529600  
U213                      INVX0           saed90nm_typ_ht 5.529600  
U214                      AOI21X1         saed90nm_typ_ht 11.980800 
U215                      NOR2X0          saed90nm_typ_ht 5.529600  
U216                      INVX0           saed90nm_typ_ht 5.529600  
U217                      INVX0           saed90nm_typ_ht 5.529600  
U218                      AOI21X1         saed90nm_typ_ht 11.980800 
U219                      NOR2X0          saed90nm_typ_ht 5.529600  
U220                      INVX0           saed90nm_typ_ht 5.529600  
U221                      INVX0           saed90nm_typ_ht 5.529600  
U222                      XOR2X1          saed90nm_typ_ht 13.824000 
U223                      XOR2X1          saed90nm_typ_ht 13.824000 
U224                      XOR2X1          saed90nm_typ_ht 13.824000 
U225                      AOI21X1         saed90nm_typ_ht 11.980800 
U226                      NOR2X0          saed90nm_typ_ht 5.529600  
U227                      INVX0           saed90nm_typ_ht 5.529600  
U228                      INVX0           saed90nm_typ_ht 5.529600  
U229                      XOR2X1          saed90nm_typ_ht 13.824000 
--------------------------------------------------------------------------------
Total 110 cells                                           1339.084813
1
