 
****************************************
Report : resources
Design : plus_adder
Version: U-2022.12-SP7
Date   : Tue Dec 12 17:01:20 2023
****************************************

Resource Sharing Report for design plus_adder in file ./source/plus_adder.v

===============================================================================
|          |              |            | Contained     |                      |
| Resource | Module       | Parameters | Resources     | Contained Operations |
===============================================================================
| r59      | DW01_add     | width=33   |               | add_1_root_add_11_2  |
===============================================================================


Implementation Report
===============================================================================
|                    |                  | Current            | Set            |
| Cell               | Module           | Implementation     | Implementation |
===============================================================================
| add_1_root_add_11_2                   |                    |                |
|                    | DW01_add         | rpl                |                |
===============================================================================

1
